core_cm4.h:1465:22:NVIC_DisableIRQ	16	static
tm_stm32f4_dma.c:41:6:TM_DMA_ClearFlags	16	static
tm_stm32f4_dma.c:46:6:TM_DMA_ClearFlag	24	static
tm_stm32f4_dma.c:72:10:TM_DMA_GetFlags	32	static
tm_stm32f4_dma.c:104:6:TM_DMA_EnableInterrupts	24	static
tm_stm32f4_dma.c:134:6:TM_DMA_DisableInterrupts	24	static
tm_stm32f4_dma.c:159:13:TM_DMA_TransferCompleteHandler	16	static
tm_stm32f4_dma.c:165:13:TM_DMA_HalfTransferCompleteHandler	16	static
tm_stm32f4_dma.c:171:13:TM_DMA_TransferErrorHandler	16	static
tm_stm32f4_dma.c:177:13:TM_DMA_DirectModeErrorHandler	16	static
tm_stm32f4_dma.c:183:13:TM_DMA_FIFOErrorHandler	16	static
tm_stm32f4_dma.c:192:13:TM_DMA_INT_ProcessInterrupt	24	static
tm_stm32f4_dma.c:225:6:DMA1_Stream0_IRQHandler	8	static
tm_stm32f4_dma.c:231:6:DMA1_Stream1_IRQHandler	8	static
tm_stm32f4_dma.c:237:6:DMA1_Stream2_IRQHandler	8	static
tm_stm32f4_dma.c:243:6:DMA1_Stream3_IRQHandler	8	static
tm_stm32f4_dma.c:249:6:DMA1_Stream4_IRQHandler	8	static
tm_stm32f4_dma.c:255:6:DMA1_Stream5_IRQHandler	8	static
tm_stm32f4_dma.c:261:6:DMA1_Stream6_IRQHandler	8	static
tm_stm32f4_dma.c:267:6:DMA1_Stream7_IRQHandler	8	static
tm_stm32f4_dma.c:273:6:DMA2_Stream0_IRQHandler	8	static
tm_stm32f4_dma.c:280:6:DMA2_Stream1_IRQHandler	8	static
tm_stm32f4_dma.c:286:6:DMA2_Stream2_IRQHandler	8	static
tm_stm32f4_dma.c:292:6:DMA2_Stream3_IRQHandler	8	static
tm_stm32f4_dma.c:298:6:DMA2_Stream4_IRQHandler	8	static
tm_stm32f4_dma.c:304:6:DMA2_Stream5_IRQHandler	8	static
tm_stm32f4_dma.c:310:6:DMA2_Stream6_IRQHandler	8	static
tm_stm32f4_dma.c:316:6:DMA2_Stream7_IRQHandler	8	static
