Archive member included to satisfy reference by file (symbol)

c:/program files (x86)/atollic/truestudio for arm 7.1.1/armtools/bin/../lib/gcc/arm-atollic-eabi/5.3.1/../../../../arm-atollic-eabi/lib/armv7e-m/fpu\libc_nano.a(lib_a-init.o)
                              src\startup_stm32f40xx.o (__libc_init_array)
c:/program files (x86)/atollic/truestudio for arm 7.1.1/armtools/bin/../lib/gcc/arm-atollic-eabi/5.3.1/../../../../arm-atollic-eabi/lib/armv7e-m/fpu\libc_nano.a(lib_a-strlen.o)
                              src\tiny_printf.o (strlen)
c:/program files (x86)/atollic/truestudio for arm 7.1.1/armtools/bin/../lib/gcc/arm-atollic-eabi/5.3.1/armv7e-m/fpu\libgcc.a(_arm_addsubdf3.o)
                              Libraries\STM32F4xx_StdPeriph_Driver\src\tm_stm32f4_timer_properties.o (__aeabi_ui2d)
c:/program files (x86)/atollic/truestudio for arm 7.1.1/armtools/bin/../lib/gcc/arm-atollic-eabi/5.3.1/armv7e-m/fpu\libgcc.a(_arm_muldivdf3.o)
                              Libraries\STM32F4xx_StdPeriph_Driver\src\tm_stm32f4_timer_properties.o (__aeabi_ddiv)
c:/program files (x86)/atollic/truestudio for arm 7.1.1/armtools/bin/../lib/gcc/arm-atollic-eabi/5.3.1/armv7e-m/fpu\libgcc.a(_arm_cmpdf2.o)
                              Libraries\STM32F4xx_StdPeriph_Driver\src\tm_stm32f4_timer_properties.o (__aeabi_dcmpeq)
c:/program files (x86)/atollic/truestudio for arm 7.1.1/armtools/bin/../lib/gcc/arm-atollic-eabi/5.3.1/armv7e-m/fpu\libgcc.a(_arm_fixunsdfsi.o)
                              Libraries\STM32F4xx_StdPeriph_Driver\src\tm_stm32f4_timer_properties.o (__aeabi_d2uiz)
c:/program files (x86)/atollic/truestudio for arm 7.1.1/armtools/bin/../lib/gcc/arm-atollic-eabi/5.3.1/../../../../arm-atollic-eabi/lib/armv7e-m/fpu\libnosys.a(write.o)
                              src\tiny_printf.o (_write)
c:/program files (x86)/atollic/truestudio for arm 7.1.1/armtools/bin/../lib/gcc/arm-atollic-eabi/5.3.1/../../../../arm-atollic-eabi/lib/armv7e-m/fpu\libnosys.a(errno.o)
                              c:/program files (x86)/atollic/truestudio for arm 7.1.1/armtools/bin/../lib/gcc/arm-atollic-eabi/5.3.1/../../../../arm-atollic-eabi/lib/armv7e-m/fpu\libnosys.a(write.o) (errno)

Allocating common symbols
Common symbol       size              file

tm_int_usb_vcp_buf_in
                    0x4               Libraries\STM32F4xx_StdPeriph_Driver\src\tm_stm32f4_usb_vcp.o
tm_int_usb_vcp_buf_num
                    0x4               Libraries\STM32F4xx_StdPeriph_Driver\src\tm_stm32f4_usb_vcp.o
tm_int_usb_vcp_buf_out
                    0x4               Libraries\STM32F4xx_StdPeriph_Driver\src\tm_stm32f4_usb_vcp.o
SET_TEST_MODE       0x4               Libraries\STM32F4xx_StdPeriph_Driver\src\usbd_core.o
errno               0x4               c:/program files (x86)/atollic/truestudio for arm 7.1.1/armtools/bin/../lib/gcc/arm-atollic-eabi/5.3.1/../../../../arm-atollic-eabi/lib/armv7e-m/fpu\libnosys.a(errno.o)
TM_INT_USB_VCP_ReceiveBuffer
                    0x80              Libraries\STM32F4xx_StdPeriph_Driver\src\tm_stm32f4_usb_vcp.o
ADC_Value           0x2               src\main.o
DAC_TIM             0x8               Libraries\STM32F4xx_StdPeriph_Driver\src\tm_stm32f4_dac_signal.o
i                   0x1               src\main.o
usbd_cdc_OtherCfgDesc
                    0x43              Libraries\STM32F4xx_StdPeriph_Driver\src\usbd_cdc_core.o
bytes               0x2               src\main.o
USB_Rx_Buffer       0x40              Libraries\STM32F4xx_StdPeriph_Driver\src\usbd_cdc_core.o
CmdBuff             0x8               Libraries\STM32F4xx_StdPeriph_Driver\src\usbd_cdc_core.o
USB_OTG_dev         0x5f4             Libraries\STM32F4xx_StdPeriph_Driver\src\tm_stm32f4_usb_vcp.o
APP_Rx_Buffer       0x800             Libraries\STM32F4xx_StdPeriph_Driver\src\usbd_cdc_core.o
NVIC_InitStructure  0x4               Utilities\STM32F4-Discovery\stm32f4_discovery.o
USBD_StrDesc        0xff              Libraries\STM32F4xx_StdPeriph_Driver\src\usbd_req.o

Discarded input sections

 .text          0x00000000        0x0 c:/program files (x86)/atollic/truestudio for arm 7.1.1/armtools/bin/../lib/gcc/arm-atollic-eabi/5.3.1/armv7e-m/fpu/crti.o
 .data          0x00000000        0x0 c:/program files (x86)/atollic/truestudio for arm 7.1.1/armtools/bin/../lib/gcc/arm-atollic-eabi/5.3.1/armv7e-m/fpu/crti.o
 .bss           0x00000000        0x0 c:/program files (x86)/atollic/truestudio for arm 7.1.1/armtools/bin/../lib/gcc/arm-atollic-eabi/5.3.1/armv7e-m/fpu/crti.o
 .data          0x00000000        0x4 c:/program files (x86)/atollic/truestudio for arm 7.1.1/armtools/bin/../lib/gcc/arm-atollic-eabi/5.3.1/armv7e-m/fpu/crtbegin.o
 .text          0x00000000        0x0 Libraries\STM32F4xx_StdPeriph_Driver\src\misc.o
 .data          0x00000000        0x0 Libraries\STM32F4xx_StdPeriph_Driver\src\misc.o
 .bss           0x00000000        0x0 Libraries\STM32F4xx_StdPeriph_Driver\src\misc.o
 .text.NVIC_SetVectorTable
[...]
Memory Configuration

Name             Origin             Length             Attributes
FLASH            0x08000000         0x00100000         xr
RAM              0x20000000         0x00020000         xrw
MEMORY_B1        0x60000000         0x00000000         xr
CCMRAM           0x10000000         0x00010000         rw
*default*        0x00000000         0xffffffff

Linker script and memory map

LOAD c:/program files (x86)/atollic/truestudio for arm 7.1.1/armtools/bin/../lib/gcc/arm-atollic-eabi/5.3.1/armv7e-m/fpu/crti.o
LOAD c:/program files (x86)/atollic/truestudio for arm 7.1.1/armtools/bin/../lib/gcc/arm-atollic-eabi/5.3.1/armv7e-m/fpu/crtbegin.o
LOAD Libraries\STM32F4xx_StdPeriph_Driver\src\misc.o
LOAD Libraries\STM32F4xx_StdPeriph_Driver\src\stm32f4xx_adc.o
LOAD Libraries\STM32F4xx_StdPeriph_Driver\src\stm32f4xx_can.o
LOAD Libraries\STM32F4xx_StdPeriph_Driver\src\stm32f4xx_crc.o
LOAD Libraries\STM32F4xx_StdPeriph_Driver\src\stm32f4xx_cryp.o
LOAD Libraries\STM32F4xx_StdPeriph_Driver\src\stm32f4xx_cryp_aes.o
LOAD Libraries\STM32F4xx_StdPeriph_Driver\src\stm32f4xx_cryp_des.o
LOAD Libraries\STM32F4xx_StdPeriph_Driver\src\stm32f4xx_cryp_tdes.o
LOAD Libraries\STM32F4xx_StdPeriph_Driver\src\stm32f4xx_dac.o
LOAD Libraries\STM32F4xx_StdPeriph_Driver\src\stm32f4xx_dbgmcu.o
LOAD Libraries\STM32F4xx_StdPeriph_Driver\src\stm32f4xx_dcmi.o
LOAD Libraries\STM32F4xx_StdPeriph_Driver\src\stm32f4xx_dma.o
LOAD Libraries\STM32F4xx_StdPeriph_Driver\src\stm32f4xx_exti.o
LOAD Libraries\STM32F4xx_StdPeriph_Driver\src\stm32f4xx_flash.o
LOAD Libraries\STM32F4xx_StdPeriph_Driver\src\stm32f4xx_fsmc.o
LOAD Libraries\STM32F4xx_StdPeriph_Driver\src\stm32f4xx_gpio.o
LOAD Libraries\STM32F4xx_StdPeriph_Driver\src\stm32f4xx_hash.o
LOAD Libraries\STM32F4xx_StdPeriph_Driver\src\stm32f4xx_hash_md5.o
LOAD Libraries\STM32F4xx_StdPeriph_Driver\src\stm32f4xx_hash_sha1.o
LOAD Libraries\STM32F4xx_StdPeriph_Driver\src\stm32f4xx_i2c.o
LOAD Libraries\STM32F4xx_StdPeriph_Driver\src\stm32f4xx_iwdg.o
LOAD Libraries\STM32F4xx_StdPeriph_Driver\src\stm32f4xx_pwr.o
LOAD Libraries\STM32F4xx_StdPeriph_Driver\src\stm32f4xx_rcc.o
LOAD Libraries\STM32F4xx_StdPeriph_Driver\src\stm32f4xx_rng.o
LOAD Libraries\STM32F4xx_StdPeriph_Driver\src\stm32f4xx_rtc.o
LOAD Libraries\STM32F4xx_StdPeriph_Driver\src\stm32f4xx_sdio.o
LOAD Libraries\STM32F4xx_StdPeriph_Driver\src\stm32f4xx_spi.o
LOAD Libraries\STM32F4xx_StdPeriph_Driver\src\stm32f4xx_syscfg.o
LOAD Libraries\STM32F4xx_StdPeriph_Driver\src\stm32f4xx_tim.o
LOAD Libraries\STM32F4xx_StdPeriph_Driver\src\stm32f4xx_usart.o
LOAD Libraries\STM32F4xx_StdPeriph_Driver\src\stm32f4xx_wwdg.o
LOAD Libraries\STM32F4xx_StdPeriph_Driver\src\tm_stm32f4_adc.o
LOAD Libraries\STM32F4xx_StdPeriph_Driver\src\tm_stm32f4_dac.o
LOAD Libraries\STM32F4xx_StdPeriph_Driver\src\tm_stm32f4_dac_signal.o
LOAD Libraries\STM32F4xx_StdPeriph_Driver\src\tm_stm32f4_disco.o
LOAD Libraries\STM32F4xx_StdPeriph_Driver\src\tm_stm32f4_dma.o
LOAD Libraries\STM32F4xx_StdPeriph_Driver\src\tm_stm32f4_gpio.o
LOAD Libraries\STM32F4xx_StdPeriph_Driver\src\tm_stm32f4_timer_properties.o
LOAD Libraries\STM32F4xx_StdPeriph_Driver\src\tm_stm32f4_usb_vcp.o
LOAD Libraries\STM32F4xx_StdPeriph_Driver\src\usb_bsp.o
LOAD Libraries\STM32F4xx_StdPeriph_Driver\src\usb_core.o
LOAD Libraries\STM32F4xx_StdPeriph_Driver\src\usb_dcd.o
LOAD Libraries\STM32F4xx_StdPeriph_Driver\src\usb_dcd_int.o
LOAD Libraries\STM32F4xx_StdPeriph_Driver\src\usbd_cdc_core.o
LOAD Libraries\STM32F4xx_StdPeriph_Driver\src\usbd_cdc_vcp.o
LOAD Libraries\STM32F4xx_StdPeriph_Driver\src\usbd_core.o
LOAD Libraries\STM32F4xx_StdPeriph_Driver\src\usbd_desc.o
LOAD Libraries\STM32F4xx_StdPeriph_Driver\src\usbd_ioreq.o
LOAD Libraries\STM32F4xx_StdPeriph_Driver\src\usbd_req.o
LOAD Libraries\STM32F4xx_StdPeriph_Driver\src\usbd_usr.o
LOAD Utilities\STM32F4-Discovery\stm32f4_discovery.o
LOAD Utilities\STM32F4-Discovery\stm32f4_discovery_lis302dl.o
LOAD src\main.o
LOAD src\startup_stm32f40xx.o
LOAD src\stm32f4xx_it.o
LOAD src\system_stm32f4xx.o
LOAD src\tiny_printf.o
START GROUP
LOAD c:/program files (x86)/atollic/truestudio for arm 7.1.1/armtools/bin/../lib/gcc/arm-atollic-eabi/5.3.1/../../../../arm-atollic-eabi/lib/armv7e-m/fpu\libc_nano.a
LOAD c:/program files (x86)/atollic/truestudio for arm 7.1.1/armtools/bin/../lib/gcc/arm-atollic-eabi/5.3.1/../../../../arm-atollic-eabi/lib/armv7e-m/fpu\libm.a
END GROUP
                0x00000080                malloc_getpagesize_P = 0x80
START GROUP
LOAD c:/program files (x86)/atollic/truestudio for arm 7.1.1/armtools/bin/../lib/gcc/arm-atollic-eabi/5.3.1/armv7e-m/fpu\libgcc.a
LOAD c:/program files (x86)/atollic/truestudio for arm 7.1.1/armtools/bin/../lib/gcc/arm-atollic-eabi/5.3.1/../../../../arm-atollic-eabi/lib/armv7e-m/fpu\libc_nano.a
END GROUP
START GROUP
LOAD c:/program files (x86)/atollic/truestudio for arm 7.1.1/armtools/bin/../lib/gcc/arm-atollic-eabi/5.3.1/armv7e-m/fpu\libgcc.a
LOAD c:/program files (x86)/atollic/truestudio for arm 7.1.1/armtools/bin/../lib/gcc/arm-atollic-eabi/5.3.1/../../../../arm-atollic-eabi/lib/armv7e-m/fpu\libc_nano.a
LOAD c:/program files (x86)/atollic/truestudio for arm 7.1.1/armtools/bin/../lib/gcc/arm-atollic-eabi/5.3.1/../../../../arm-atollic-eabi/lib/armv7e-m/fpu\libnosys.a
END GROUP
START GROUP
LOAD c:/program files (x86)/atollic/truestudio for arm 7.1.1/armtools/bin/../lib/gcc/arm-atollic-eabi/5.3.1/armv7e-m/fpu\libgcc.a
LOAD c:/program files (x86)/atollic/truestudio for arm 7.1.1/armtools/bin/../lib/gcc/arm-atollic-eabi/5.3.1/../../../../arm-atollic-eabi/lib/armv7e-m/fpu\libc_nano.a
LOAD c:/program files (x86)/atollic/truestudio for arm 7.1.1/armtools/bin/../lib/gcc/arm-atollic-eabi/5.3.1/../../../../arm-atollic-eabi/lib/armv7e-m/fpu\libnosys.a
END GROUP
LOAD c:/program files (x86)/atollic/truestudio for arm 7.1.1/armtools/bin/../lib/gcc/arm-atollic-eabi/5.3.1/armv7e-m/fpu/crtend.o
LOAD c:/program files (x86)/atollic/truestudio for arm 7.1.1/armtools/bin/../lib/gcc/arm-atollic-eabi/5.3.1/armv7e-m/fpu/crtn.o
                0x20020000                _estack = 0x20020000
                0x00000000                _Min_Heap_Size = 0x0
                0x00000400                _Min_Stack_Size = 0x400

.isr_vector     0x08000000      0x188
                0x08000000                . = ALIGN (0x4)
 *(.isr_vector)
 .isr_vector    0x08000000      0x188 src\startup_stm32f40xx.o
                0x08000000                g_pfnVectors
                0x08000188                . = ALIGN (0x4)

.text           0x08000188     0x61e4
                0x08000188                . = ALIGN (0x4)
 *(.text)
 .text          0x08000188       0x40 c:/program files (x86)/atollic/truestudio for arm 7.1.1/armtools/bin/../lib/gcc/arm-atollic-eabi/5.3.1/armv7e-m/fpu/crtbegin.o
 .text          0x080001c8      0x370 c:/program files (x86)/atollic/truestudio for arm 7.1.1/armtools/bin/../lib/gcc/arm-atollic-eabi/5.3.1/armv7e-m/fpu\libgcc.a(_arm_addsubdf3.o)
                0x080001c8                __aeabi_drsub
                0x080001d0                __aeabi_dsub
                0x080001d0                __subdf3
                0x080001d4                __aeabi_dadd
                0x080001d4                __adddf3
                0x0800044c                __floatunsidf
                0x0800044c                __aeabi_ui2d
                0x0800046c                __floatsidf
                0x0800046c                __aeabi_i2d
                0x08000490                __aeabi_f2d
                0x08000490                __extendsfdf2
                0x080004cc                __floatundidf
                0x080004cc                __aeabi_ul2d
                0x080004dc                __floatdidf
                0x080004dc                __aeabi_l2d
 .text          0x08000538      0x424 c:/program files (x86)/atollic/truestudio for arm 7.1.1/armtools/bin/../lib/gcc/arm-atollic-eabi/5.3.1/armv7e-m/fpu\libgcc.a(_arm_muldivdf3.o)
                0x08000538                __aeabi_dmul
                0x08000538                __muldf3
                0x0800078c                __divdf3
                0x0800078c                __aeabi_ddiv
 .text          0x0800095c      0x110 c:/program files (x86)/atollic/truestudio for arm 7.1.1/armtools/bin/../lib/gcc/arm-atollic-eabi/5.3.1/armv7e-m/fpu\libgcc.a(_arm_cmpdf2.o)
                0x0800095c                __gtdf2
                0x0800095c                __gedf2
                0x08000964                __ltdf2
                0x08000964                __ledf2
                0x0800096c                __nedf2
                0x0800096c                __eqdf2
                0x0800096c                __cmpdf2
                0x080009e8                __aeabi_cdrcmple
                0x080009f8                __aeabi_cdcmpeq
                0x080009f8                __aeabi_cdcmple
                0x08000a08                __aeabi_dcmpeq
                0x08000a1c                __aeabi_dcmplt
                0x08000a30                __aeabi_dcmple
                0x08000a44                __aeabi_dcmpge
                0x08000a58                __aeabi_dcmpgt
 .text          0x08000a6c       0x40 c:/program files (x86)/atollic/truestudio for arm 7.1.1/armtools/bin/../lib/gcc/arm-atollic-eabi/5.3.1/armv7e-m/fpu\libgcc.a(_arm_fixunsdfsi.o)
                0x08000a6c                __aeabi_d2uiz
                0x08000a6c                __fixunsdfsi
 *(.text*)
 .text.NVIC_PriorityGroupConfig
                0x08000aac       0x28 Libraries\STM32F4xx_StdPeriph_Driver\src\misc.o
                0x08000aac                NVIC_PriorityGroupConfig
 .text.NVIC_Init
                0x08000ad4       0xc4 Libraries\STM32F4xx_StdPeriph_Driver\src\misc.o
                0x08000ad4                NVIC_Init
 .text.ADC_Init
                0x08000b98       0xac Libraries\STM32F4xx_StdPeriph_Driver\src\stm32f4xx_adc.o
                0x08000b98                ADC_Init
 .text.ADC_CommonInit
                0x08000c44       0x50 Libraries\STM32F4xx_StdPeriph_Driver\src\stm32f4xx_adc.o
                0x08000c44                ADC_CommonInit
 .text.ADC_Cmd  0x08000c94       0x38 Libraries\STM32F4xx_StdPeriph_Driver\src\stm32f4xx_adc.o
                0x08000c94                ADC_Cmd
 .text.ADC_RegularChannelConfig
                0x08000ccc      0x194 Libraries\STM32F4xx_StdPeriph_Driver\src\stm32f4xx_adc.o
                0x08000ccc                ADC_RegularChannelConfig
 .text.ADC_SoftwareStartConv
                0x08000e60       0x20 Libraries\STM32F4xx_StdPeriph_Driver\src\stm32f4xx_adc.o
                0x08000e60                ADC_SoftwareStartConv
 .text.ADC_GetConversionValue
                0x08000e80       0x1c Libraries\STM32F4xx_StdPeriph_Driver\src\stm32f4xx_adc.o
                0x08000e80                ADC_GetConversionValue
 .text.ADC_ITConfig
                0x08000e9c       0x54 Libraries\STM32F4xx_StdPeriph_Driver\src\stm32f4xx_adc.o
                0x08000e9c                ADC_ITConfig
 .text.ADC_ClearITPendingBit
                0x08000ef0       0x2c Libraries\STM32F4xx_StdPeriph_Driver\src\stm32f4xx_adc.o
                0x08000ef0                ADC_ClearITPendingBit
 .text.DAC_DeInit
                0x08000f1c       0x1c Libraries\STM32F4xx_StdPeriph_Driver\src\stm32f4xx_dac.o
                0x08000f1c                DAC_DeInit
 .text.DAC_Init
                0x08000f38       0x68 Libraries\STM32F4xx_StdPeriph_Driver\src\stm32f4xx_dac.o
                0x08000f38                DAC_Init
 .text.DAC_Cmd  0x08000fa0       0x4c Libraries\STM32F4xx_StdPeriph_Driver\src\stm32f4xx_dac.o
                0x08000fa0                DAC_Cmd
 .text.DAC_DMACmd
                0x08000fec       0x50 Libraries\STM32F4xx_StdPeriph_Driver\src\stm32f4xx_dac.o
                0x08000fec                DAC_DMACmd
 .text.DMA_DeInit
                0x0800103c      0x1a8 Libraries\STM32F4xx_StdPeriph_Driver\src\stm32f4xx_dma.o
                0x0800103c                DMA_DeInit
 .text.DMA_Init
                0x080011e4       0xb0 Libraries\STM32F4xx_StdPeriph_Driver\src\stm32f4xx_dma.o
                0x080011e4                DMA_Init
 .text.DMA_Cmd  0x08001294       0x38 Libraries\STM32F4xx_StdPeriph_Driver\src\stm32f4xx_dma.o
                0x08001294                DMA_Cmd
 .text.EXTI_ClearITPendingBit
                0x080012cc       0x20 Libraries\STM32F4xx_StdPeriph_Driver\src\stm32f4xx_exti.o
                0x080012cc                EXTI_ClearITPendingBit
 .text.GPIO_Init
                0x080012ec      0x11c Libraries\STM32F4xx_StdPeriph_Driver\src\stm32f4xx_gpio.o
                0x080012ec                GPIO_Init
 .text.GPIO_PinAFConfig
                0x08001408       0x94 Libraries\STM32F4xx_StdPeriph_Driver\src\stm32f4xx_gpio.o
                0x08001408                GPIO_PinAFConfig
 .text.RCC_GetClocksFreq
                0x0800149c      0x154 Libraries\STM32F4xx_StdPeriph_Driver\src\stm32f4xx_rcc.o
                0x0800149c                RCC_GetClocksFreq
 .text.RCC_AHB1PeriphClockCmd
                0x080015f0       0x40 Libraries\STM32F4xx_StdPeriph_Driver\src\stm32f4xx_rcc.o
                0x080015f0                RCC_AHB1PeriphClockCmd
 .text.RCC_AHB2PeriphClockCmd
                0x08001630       0x40 Libraries\STM32F4xx_StdPeriph_Driver\src\stm32f4xx_rcc.o
                0x08001630                RCC_AHB2PeriphClockCmd
 .text.RCC_APB1PeriphClockCmd
                0x08001670       0x40 Libraries\STM32F4xx_StdPeriph_Driver\src\stm32f4xx_rcc.o
                0x08001670                RCC_APB1PeriphClockCmd
 .text.RCC_APB2PeriphClockCmd
                0x080016b0       0x40 Libraries\STM32F4xx_StdPeriph_Driver\src\stm32f4xx_rcc.o
                0x080016b0                RCC_APB2PeriphClockCmd
 .text.RCC_APB1PeriphResetCmd
                0x080016f0       0x40 Libraries\STM32F4xx_StdPeriph_Driver\src\stm32f4xx_rcc.o
                0x080016f0                RCC_APB1PeriphResetCmd
 .text.TIM_TimeBaseInit
                0x08001730       0xd8 Libraries\STM32F4xx_StdPeriph_Driver\src\stm32f4xx_tim.o
                0x08001730                TIM_TimeBaseInit
 .text.TIM_TimeBaseStructInit
                0x08001808       0x34 Libraries\STM32F4xx_StdPeriph_Driver\src\stm32f4xx_tim.o
                0x08001808                TIM_TimeBaseStructInit
 .text.TIM_SelectOutputTrigger
                0x0800183c       0x38 Libraries\STM32F4xx_StdPeriph_Driver\src\stm32f4xx_tim.o
                0x0800183c                TIM_SelectOutputTrigger
 .text.TM_DAC_SIGNAL_Init
                0x08001874       0xa4 Libraries\STM32F4xx_StdPeriph_Driver\src\tm_stm32f4_dac_signal.o
                0x08001874                TM_DAC_SIGNAL_Init
 .text.TM_DAC_SIGNAL_SetSignal
                0x08001918       0xa8 Libraries\STM32F4xx_StdPeriph_Driver\src\tm_stm32f4_dac_signal.o
                0x08001918                TM_DAC_SIGNAL_SetSignal
 .text.TM_DAC_SIGNAL_SetCustomSignal
                0x080019c0      0x278 Libraries\STM32F4xx_StdPeriph_Driver\src\tm_stm32f4_dac_signal.o
                0x080019c0                TM_DAC_SIGNAL_SetCustomSignal
 .text.TM_DMA_ClearFlag
                0x08001c38       0x8c Libraries\STM32F4xx_StdPeriph_Driver\src\tm_stm32f4_dma.o
                0x08001c38                TM_DMA_ClearFlag
 .text.TM_DMA_GetFlags
                0x08001cc4       0xa4 Libraries\STM32F4xx_StdPeriph_Driver\src\tm_stm32f4_dma.o
                0x08001cc4                TM_DMA_GetFlags
 .text.TM_DMA_EnableInterrupts
                0x08001d68       0xa8 Libraries\STM32F4xx_StdPeriph_Driver\src\tm_stm32f4_dma.o
                0x08001d68                TM_DMA_EnableInterrupts
 .text.TM_DMA_HalfTransferCompleteHandler
                0x08001e10       0x14 Libraries\STM32F4xx_StdPeriph_Driver\src\tm_stm32f4_dma.o
                0x08001e10                TM_DMA_HalfTransferCompleteHandler
 .text.TM_DMA_TransferErrorHandler
                0x08001e24       0x14 Libraries\STM32F4xx_StdPeriph_Driver\src\tm_stm32f4_dma.o
                0x08001e24                TM_DMA_TransferErrorHandler
 .text.TM_DMA_DirectModeErrorHandler
                0x08001e38       0x14 Libraries\STM32F4xx_StdPeriph_Driver\src\tm_stm32f4_dma.o
                0x08001e38                TM_DMA_DirectModeErrorHandler
 .text.TM_DMA_FIFOErrorHandler
                0x08001e4c       0x14 Libraries\STM32F4xx_StdPeriph_Driver\src\tm_stm32f4_dma.o
                0x08001e4c                TM_DMA_FIFOErrorHandler
 .text.TM_DMA_INT_ProcessInterrupt
                0x08001e60       0xb0 Libraries\STM32F4xx_StdPeriph_Driver\src\tm_stm32f4_dma.o
 .text.DMA1_Stream0_IRQHandler
                0x08001f10       0x14 Libraries\STM32F4xx_StdPeriph_Driver\src\tm_stm32f4_dma.o
                0x08001f10                DMA1_Stream0_IRQHandler
 .text.DMA1_Stream1_IRQHandler
                0x08001f24       0x14 Libraries\STM32F4xx_StdPeriph_Driver\src\tm_stm32f4_dma.o
                0x08001f24                DMA1_Stream1_IRQHandler
 .text.DMA1_Stream2_IRQHandler
                0x08001f38       0x14 Libraries\STM32F4xx_StdPeriph_Driver\src\tm_stm32f4_dma.o
                0x08001f38                DMA1_Stream2_IRQHandler
 .text.DMA1_Stream3_IRQHandler
                0x08001f4c       0x14 Libraries\STM32F4xx_StdPeriph_Driver\src\tm_stm32f4_dma.o
                0x08001f4c                DMA1_Stream3_IRQHandler
 .text.DMA1_Stream4_IRQHandler
                0x08001f60       0x14 Libraries\STM32F4xx_StdPeriph_Driver\src\tm_stm32f4_dma.o
                0x08001f60                DMA1_Stream4_IRQHandler
 .text.DMA1_Stream5_IRQHandler
                0x08001f74       0x14 Libraries\STM32F4xx_StdPeriph_Driver\src\tm_stm32f4_dma.o
                0x08001f74                DMA1_Stream5_IRQHandler
 .text.DMA1_Stream6_IRQHandler
                0x08001f88       0x14 Libraries\STM32F4xx_StdPeriph_Driver\src\tm_stm32f4_dma.o
                0x08001f88                DMA1_Stream6_IRQHandler
 .text.DMA1_Stream7_IRQHandler
                0x08001f9c       0x14 Libraries\STM32F4xx_StdPeriph_Driver\src\tm_stm32f4_dma.o
                0x08001f9c                DMA1_Stream7_IRQHandler
 .text.DMA2_Stream0_IRQHandler
                0x08001fb0       0x14 Libraries\STM32F4xx_StdPeriph_Driver\src\tm_stm32f4_dma.o
                0x08001fb0                DMA2_Stream0_IRQHandler
 .text.DMA2_Stream1_IRQHandler
                0x08001fc4       0x14 Libraries\STM32F4xx_StdPeriph_Driver\src\tm_stm32f4_dma.o
                0x08001fc4                DMA2_Stream1_IRQHandler
 .text.DMA2_Stream2_IRQHandler
                0x08001fd8       0x14 Libraries\STM32F4xx_StdPeriph_Driver\src\tm_stm32f4_dma.o
                0x08001fd8                DMA2_Stream2_IRQHandler
 .text.DMA2_Stream3_IRQHandler
                0x08001fec       0x14 Libraries\STM32F4xx_StdPeriph_Driver\src\tm_stm32f4_dma.o
                0x08001fec                DMA2_Stream3_IRQHandler
 .text.DMA2_Stream4_IRQHandler
                0x08002000       0x14 Libraries\STM32F4xx_StdPeriph_Driver\src\tm_stm32f4_dma.o
                0x08002000                DMA2_Stream4_IRQHandler
 .text.DMA2_Stream5_IRQHandler
                0x08002014       0x14 Libraries\STM32F4xx_StdPeriph_Driver\src\tm_stm32f4_dma.o
                0x08002014                DMA2_Stream5_IRQHandler
 .text.DMA2_Stream6_IRQHandler
                0x08002028       0x14 Libraries\STM32F4xx_StdPeriph_Driver\src\tm_stm32f4_dma.o
                0x08002028                DMA2_Stream6_IRQHandler
 .text.DMA2_Stream7_IRQHandler
                0x0800203c       0x14 Libraries\STM32F4xx_StdPeriph_Driver\src\tm_stm32f4_dma.o
                0x0800203c                DMA2_Stream7_IRQHandler
 .text.TM_GPIO_Init
                0x08002050       0x48 Libraries\STM32F4xx_StdPeriph_Driver\src\tm_stm32f4_gpio.o
                0x08002050                TM_GPIO_Init
 .text.TM_GPIO_GetPortSource
                0x08002098       0x24 Libraries\STM32F4xx_StdPeriph_Driver\src\tm_stm32f4_gpio.o
                0x08002098                TM_GPIO_GetPortSource
 .text.TM_GPIO_INT_EnableClock
                0x080020bc       0x30 Libraries\STM32F4xx_StdPeriph_Driver\src\tm_stm32f4_gpio.o
                0x080020bc                TM_GPIO_INT_EnableClock
 .text.TM_GPIO_INT_Init
                0x080020ec      0x10c Libraries\STM32F4xx_StdPeriph_Driver\src\tm_stm32f4_gpio.o
                0x080020ec                TM_GPIO_INT_Init
 .text.TM_TIMER_PROPERTIES_GetTimerProperties
                0x080021f8      0x100 Libraries\STM32F4xx_StdPeriph_Driver\src\tm_stm32f4_timer_properties.o
                0x080021f8                TM_TIMER_PROPERTIES_GetTimerProperties
 .text.TM_TIMER_PROPERTIES_GenerateDataForWorkingFrequency
                0x080022f8      0x118 Libraries\STM32F4xx_StdPeriph_Driver\src\tm_stm32f4_timer_properties.o
                0x080022f8                TM_TIMER_PROPERTIES_GenerateDataForWorkingFrequency
 .text.TM_TIMER_PROPERTIES_EnableClock
                0x08002410      0x168 Libraries\STM32F4xx_StdPeriph_Driver\src\tm_stm32f4_timer_properties.o
                0x08002410                TM_TIMER_PROPERTIES_EnableClock
 .text.TM_USB_VCP_Init
                0x08002578       0x58 Libraries\STM32F4xx_StdPeriph_Driver\src\tm_stm32f4_usb_vcp.o
                0x08002578                TM_USB_VCP_Init
 .text.TM_USB_VCP_Getc
                0x080025d0       0x6c Libraries\STM32F4xx_StdPeriph_Driver\src\tm_stm32f4_usb_vcp.o
                0x080025d0                TM_USB_VCP_Getc
 .text.TM_USB_VCP_Send
                0x0800263c       0x1c Libraries\STM32F4xx_StdPeriph_Driver\src\tm_stm32f4_usb_vcp.o
                0x0800263c                TM_USB_VCP_Send
 .text.TM_INT_USB_VCP_AddReceived
                0x08002658       0x5c Libraries\STM32F4xx_StdPeriph_Driver\src\tm_stm32f4_usb_vcp.o
                0x08002658                TM_INT_USB_VCP_AddReceived
 .text.USB_OTG_BSP_Init
                0x080026b4       0xb0 Libraries\STM32F4xx_StdPeriph_Driver\src\usb_bsp.o
                0x080026b4                USB_OTG_BSP_Init
 .text.USB_OTG_BSP_EnableInterrupt
                0x08002764       0x34 Libraries\STM32F4xx_StdPeriph_Driver\src\usb_bsp.o
                0x08002764                USB_OTG_BSP_EnableInterrupt
 .text.USB_OTG_BSP_uDelay
                0x08002798       0x48 Libraries\STM32F4xx_StdPeriph_Driver\src\usb_bsp.o
                0x08002798                USB_OTG_BSP_uDelay
 .text.USB_OTG_BSP_mDelay
                0x080027e0       0x20 Libraries\STM32F4xx_StdPeriph_Driver\src\usb_bsp.o
                0x080027e0                USB_OTG_BSP_mDelay
 .text.OTG_FS_WKUP_IRQHandler
                0x08002800       0x10 Libraries\STM32F4xx_StdPeriph_Driver\src\usb_bsp.o
                0x08002800                OTG_FS_WKUP_IRQHandler
 .text.OTG_FS_IRQHandler
                0x08002810       0x14 Libraries\STM32F4xx_StdPeriph_Driver\src\usb_bsp.o
                0x08002810                OTG_FS_IRQHandler
 .text.USB_OTG_EnableCommonInt
                0x08002824       0x44 Libraries\STM32F4xx_StdPeriph_Driver\src\usb_core.o
 .text.USB_OTG_CoreReset
                0x08002868       0x90 Libraries\STM32F4xx_StdPeriph_Driver\src\usb_core.o
 .text.USB_OTG_WritePacket
                0x080028f8       0x78 Libraries\STM32F4xx_StdPeriph_Driver\src\usb_core.o
                0x080028f8                USB_OTG_WritePacket
 .text.USB_OTG_ReadPacket
                0x08002970       0x58 Libraries\STM32F4xx_StdPeriph_Driver\src\usb_core.o
                0x08002970                USB_OTG_ReadPacket
 .text.USB_OTG_SelectCore
                0x080029c8      0x174 Libraries\STM32F4xx_StdPeriph_Driver\src\usb_core.o
                0x080029c8                USB_OTG_SelectCore
 .text.USB_OTG_CoreInit
                0x08002b3c      0x13c Libraries\STM32F4xx_StdPeriph_Driver\src\usb_core.o
                0x08002b3c                USB_OTG_CoreInit
 .text.USB_OTG_EnableGlobalInt
                0x08002c78       0x38 Libraries\STM32F4xx_StdPeriph_Driver\src\usb_core.o
                0x08002c78                USB_OTG_EnableGlobalInt
 .text.USB_OTG_DisableGlobalInt
                0x08002cb0       0x38 Libraries\STM32F4xx_StdPeriph_Driver\src\usb_core.o
                0x08002cb0                USB_OTG_DisableGlobalInt
 .text.USB_OTG_FlushTxFifo
                0x08002ce8       0x74 Libraries\STM32F4xx_StdPeriph_Driver\src\usb_core.o
                0x08002ce8                USB_OTG_FlushTxFifo
 .text.USB_OTG_FlushRxFifo
                0x08002d5c       0x60 Libraries\STM32F4xx_StdPeriph_Driver\src\usb_core.o
                0x08002d5c                USB_OTG_FlushRxFifo
 .text.USB_OTG_SetCurrentMode
                0x08002dbc       0x60 Libraries\STM32F4xx_StdPeriph_Driver\src\usb_core.o
                0x08002dbc                USB_OTG_SetCurrentMode
 .text.USB_OTG_GetMode
                0x08002e1c       0x20 Libraries\STM32F4xx_StdPeriph_Driver\src\usb_core.o
                0x08002e1c                USB_OTG_GetMode
 .text.USB_OTG_IsDeviceMode
                0x08002e3c       0x24 Libraries\STM32F4xx_StdPeriph_Driver\src\usb_core.o
                0x08002e3c                USB_OTG_IsDeviceMode
 .text.USB_OTG_ReadCoreItr
                0x08002e60       0x30 Libraries\STM32F4xx_StdPeriph_Driver\src\usb_core.o
                0x08002e60                USB_OTG_ReadCoreItr
 .text.USB_OTG_InitDevSpeed
                0x08002e90       0x38 Libraries\STM32F4xx_StdPeriph_Driver\src\usb_core.o
                0x08002e90                USB_OTG_InitDevSpeed
 .text.USB_OTG_CoreInitDev
                0x08002ec8      0x264 Libraries\STM32F4xx_StdPeriph_Driver\src\usb_core.o
                0x08002ec8                USB_OTG_CoreInitDev
 .text.USB_OTG_EnableDevInt
                0x0800312c       0x98 Libraries\STM32F4xx_StdPeriph_Driver\src\usb_core.o
                0x0800312c                USB_OTG_EnableDevInt
 .text.USB_OTG_GetDeviceSpeed
                0x080031c4       0x48 Libraries\STM32F4xx_StdPeriph_Driver\src\usb_core.o
                0x080031c4                USB_OTG_GetDeviceSpeed
 .text.USB_OTG_EP0Activate
                0x0800320c       0x78 Libraries\STM32F4xx_StdPeriph_Driver\src\usb_core.o
                0x0800320c                USB_OTG_EP0Activate
 .text.USB_OTG_EPActivate
                0x08003284       0xdc Libraries\STM32F4xx_StdPeriph_Driver\src\usb_core.o
                0x08003284                USB_OTG_EPActivate
 .text.USB_OTG_EPDeactivate
                0x08003360       0x8c Libraries\STM32F4xx_StdPeriph_Driver\src\usb_core.o
                0x08003360                USB_OTG_EPDeactivate
 .text.USB_OTG_EPStartXfer
                0x080033ec      0x280 Libraries\STM32F4xx_StdPeriph_Driver\src\usb_core.o
                0x080033ec                USB_OTG_EPStartXfer
 .text.USB_OTG_EP0StartXfer
                0x0800366c      0x1d4 Libraries\STM32F4xx_StdPeriph_Driver\src\usb_core.o
                0x0800366c                USB_OTG_EP0StartXfer
 .text.USB_OTG_EPSetStall
                0x08003840       0x88 Libraries\STM32F4xx_StdPeriph_Driver\src\usb_core.o
                0x08003840                USB_OTG_EPSetStall
 .text.USB_OTG_EPClearStall
                0x080038c8       0x78 Libraries\STM32F4xx_StdPeriph_Driver\src\usb_core.o
                0x080038c8                USB_OTG_EPClearStall
 .text.USB_OTG_ReadDevAllOutEp_itr
                0x08003940       0x2c Libraries\STM32F4xx_StdPeriph_Driver\src\usb_core.o
                0x08003940                USB_OTG_ReadDevAllOutEp_itr
 .text.USB_OTG_ReadDevOutEP_itr
                0x0800396c       0x38 Libraries\STM32F4xx_StdPeriph_Driver\src\usb_core.o
                0x0800396c                USB_OTG_ReadDevOutEP_itr
 .text.USB_OTG_ReadDevAllInEPItr
                0x080039a4       0x2c Libraries\STM32F4xx_StdPeriph_Driver\src\usb_core.o
                0x080039a4                USB_OTG_ReadDevAllInEPItr
 .text.USB_OTG_EP0_OutStart
                0x080039d0       0x74 Libraries\STM32F4xx_StdPeriph_Driver\src\usb_core.o
                0x080039d0                USB_OTG_EP0_OutStart
 .text.DCD_Init
                0x08003a44      0x108 Libraries\STM32F4xx_StdPeriph_Driver\src\usb_dcd.o
                0x08003a44                DCD_Init
 .text.DCD_EP_Open
                0x08003b4c       0xb0 Libraries\STM32F4xx_StdPeriph_Driver\src\usb_dcd.o
                0x08003b4c                DCD_EP_Open
 .text.DCD_EP_Close
                0x08003bfc       0x78 Libraries\STM32F4xx_StdPeriph_Driver\src\usb_dcd.o
                0x08003bfc                DCD_EP_Close
 .text.DCD_EP_PrepareRx
                0x08003c74       0x84 Libraries\STM32F4xx_StdPeriph_Driver\src\usb_dcd.o
                0x08003c74                DCD_EP_PrepareRx
 .text.DCD_EP_Tx
                0x08003cf8       0x78 Libraries\STM32F4xx_StdPeriph_Driver\src\usb_dcd.o
                0x08003cf8                DCD_EP_Tx
 .text.DCD_EP_Stall
                0x08003d70       0x7c Libraries\STM32F4xx_StdPeriph_Driver\src\usb_dcd.o
                0x08003d70                DCD_EP_Stall
 .text.DCD_EP_ClrStall
                0x08003dec       0x7c Libraries\STM32F4xx_StdPeriph_Driver\src\usb_dcd.o
                0x08003dec                DCD_EP_ClrStall
 .text.DCD_EP_SetAddress
                0x08003e68       0x3c Libraries\STM32F4xx_StdPeriph_Driver\src\usb_dcd.o
                0x08003e68                DCD_EP_SetAddress
 .text.USBD_OTG_ISR_Handler
                0x08003ea4      0x15c Libraries\STM32F4xx_StdPeriph_Driver\src\usb_dcd_int.o
                0x08003ea4                USBD_OTG_ISR_Handler
 .text.DCD_HandleResume_ISR
                0x08004000       0x80 Libraries\STM32F4xx_StdPeriph_Driver\src\usb_dcd_int.o
 .text.DCD_HandleUSBSuspend_ISR
                0x08004080       0xbc Libraries\STM32F4xx_StdPeriph_Driver\src\usb_dcd_int.o
 .text.DCD_HandleInEP_ISR
                0x0800413c      0x19c Libraries\STM32F4xx_StdPeriph_Driver\src\usb_dcd_int.o
 .text.DCD_HandleOutEP_ISR
                0x080042d8      0x150 Libraries\STM32F4xx_StdPeriph_Driver\src\usb_dcd_int.o
 .text.DCD_HandleSof_ISR
                0x08004428       0x34 Libraries\STM32F4xx_StdPeriph_Driver\src\usb_dcd_int.o
 .text.DCD_HandleRxStatusQueueLevel_ISR
                0x0800445c      0x104 Libraries\STM32F4xx_StdPeriph_Driver\src\usb_dcd_int.o
 .text.DCD_WriteEmptyTxFifo
                0x08004560       0xe4 Libraries\STM32F4xx_StdPeriph_Driver\src\usb_dcd_int.o
 .text.DCD_HandleUsbReset_ISR
                0x08004644      0x120 Libraries\STM32F4xx_StdPeriph_Driver\src\usb_dcd_int.o
 .text.DCD_HandleEnumDone_ISR
                0x08004764       0x78 Libraries\STM32F4xx_StdPeriph_Driver\src\usb_dcd_int.o
 .text.DCD_IsoINIncomplete_ISR
                0x080047dc       0x34 Libraries\STM32F4xx_StdPeriph_Driver\src\usb_dcd_int.o
 .text.DCD_IsoOUTIncomplete_ISR
                0x08004810       0x34 Libraries\STM32F4xx_StdPeriph_Driver\src\usb_dcd_int.o
 .text.DCD_ReadDevInEP
                0x08004844       0x50 Libraries\STM32F4xx_StdPeriph_Driver\src\usb_dcd_int.o
 .text.usbd_cdc_Init
                0x08004894       0x6c Libraries\STM32F4xx_StdPeriph_Driver\src\usbd_cdc_core.o
 .text.usbd_cdc_DeInit
                0x08004900       0x38 Libraries\STM32F4xx_StdPeriph_Driver\src\usbd_cdc_core.o
 .text.usbd_cdc_Setup
                0x08004938      0x128 Libraries\STM32F4xx_StdPeriph_Driver\src\usbd_cdc_core.o
 .text.usbd_cdc_EP0_RxReady
                0x08004a60       0x40 Libraries\STM32F4xx_StdPeriph_Driver\src\usbd_cdc_core.o
 .text.usbd_cdc_DataIn
                0x08004aa0       0x98 Libraries\STM32F4xx_StdPeriph_Driver\src\usbd_cdc_core.o
 .text.usbd_cdc_DataOut
                0x08004b38       0x4c Libraries\STM32F4xx_StdPeriph_Driver\src\usbd_cdc_core.o
 .text.usbd_cdc_SOF
                0x08004b84       0x30 Libraries\STM32F4xx_StdPeriph_Driver\src\usbd_cdc_core.o
 .text.Handle_USBAsynchXfer
                0x08004bb4       0xd4 Libraries\STM32F4xx_StdPeriph_Driver\src\usbd_cdc_core.o
 .text.USBD_cdc_GetCfgDesc
                0x08004c88       0x24 Libraries\STM32F4xx_StdPeriph_Driver\src\usbd_cdc_core.o
 .text.VCP_Init
                0x08004cac       0x10 Libraries\STM32F4xx_StdPeriph_Driver\src\usbd_cdc_vcp.o
 .text.VCP_DeInit
                0x08004cbc       0x10 Libraries\STM32F4xx_StdPeriph_Driver\src\usbd_cdc_vcp.o
 .text.VCP_Ctrl
                0x08004ccc      0x160 Libraries\STM32F4xx_StdPeriph_Driver\src\usbd_cdc_vcp.o
 .text.VCP_DataTx
                0x08004e2c       0x60 Libraries\STM32F4xx_StdPeriph_Driver\src\usbd_cdc_vcp.o
                0x08004e2c                VCP_DataTx
 .text.VCP_DataRx
                0x08004e8c       0x38 Libraries\STM32F4xx_StdPeriph_Driver\src\usbd_cdc_vcp.o
                0x08004e8c                VCP_DataRx
 .text.USBD_Init
                0x08004ec4       0x58 Libraries\STM32F4xx_StdPeriph_Driver\src\usbd_core.o
                0x08004ec4                USBD_Init
 .text.USBD_DeInit
                0x08004f1c       0x18 Libraries\STM32F4xx_StdPeriph_Driver\src\usbd_core.o
                0x08004f1c                USBD_DeInit
 .text.USBD_SetupStage
                0x08004f34       0x6c Libraries\STM32F4xx_StdPeriph_Driver\src\usbd_core.o
 .text.USBD_DataOutStage
                0x08004fa0       0xcc Libraries\STM32F4xx_StdPeriph_Driver\src\usbd_core.o
 .text.USBD_DataInStage
                0x0800506c      0x11c Libraries\STM32F4xx_StdPeriph_Driver\src\usbd_core.o
 .text.USBD_RunTestMode
                0x08005188       0x24 Libraries\STM32F4xx_StdPeriph_Driver\src\usbd_core.o
 .text.USBD_Reset
                0x080051ac       0x44 Libraries\STM32F4xx_StdPeriph_Driver\src\usbd_core.o
 .text.USBD_Resume
                0x080051f0       0x30 Libraries\STM32F4xx_StdPeriph_Driver\src\usbd_core.o
 .text.USBD_Suspend
                0x08005220       0x30 Libraries\STM32F4xx_StdPeriph_Driver\src\usbd_core.o
 .text.USBD_SOF
                0x08005250       0x2c Libraries\STM32F4xx_StdPeriph_Driver\src\usbd_core.o
 .text.USBD_SetCfg
                0x0800527c       0x30 Libraries\STM32F4xx_StdPeriph_Driver\src\usbd_core.o
                0x0800527c                USBD_SetCfg
 .text.USBD_ClrCfg
                0x080052ac       0x28 Libraries\STM32F4xx_StdPeriph_Driver\src\usbd_core.o
                0x080052ac                USBD_ClrCfg
 .text.USBD_IsoINIncomplete
                0x080052d4       0x20 Libraries\STM32F4xx_StdPeriph_Driver\src\usbd_core.o
 .text.USBD_IsoOUTIncomplete
                0x080052f4       0x20 Libraries\STM32F4xx_StdPeriph_Driver\src\usbd_core.o
 .text.USBD_USR_DeviceDescriptor
                0x08005314       0x24 Libraries\STM32F4xx_StdPeriph_Driver\src\usbd_desc.o
                0x08005314                USBD_USR_DeviceDescriptor
 .text.USBD_USR_LangIDStrDescriptor
                0x08005338       0x24 Libraries\STM32F4xx_StdPeriph_Driver\src\usbd_desc.o
                0x08005338                USBD_USR_LangIDStrDescriptor
 .text.USBD_USR_ProductStrDescriptor
                0x0800535c       0x28 Libraries\STM32F4xx_StdPeriph_Driver\src\usbd_desc.o
                0x0800535c                USBD_USR_ProductStrDescriptor
 .text.USBD_USR_ManufacturerStrDescriptor
                0x08005384       0x28 Libraries\STM32F4xx_StdPeriph_Driver\src\usbd_desc.o
                0x08005384                USBD_USR_ManufacturerStrDescriptor
 .text.USBD_USR_SerialStrDescriptor
                0x080053ac       0x28 Libraries\STM32F4xx_StdPeriph_Driver\src\usbd_desc.o
                0x080053ac                USBD_USR_SerialStrDescriptor
 .text.USBD_USR_ConfigStrDescriptor
                0x080053d4       0x28 Libraries\STM32F4xx_StdPeriph_Driver\src\usbd_desc.o
                0x080053d4                USBD_USR_ConfigStrDescriptor
 .text.USBD_USR_InterfaceStrDescriptor
                0x080053fc       0x28 Libraries\STM32F4xx_StdPeriph_Driver\src\usbd_desc.o
                0x080053fc                USBD_USR_InterfaceStrDescriptor
 .text.USBD_CtlSendData
                0x08005424       0x40 Libraries\STM32F4xx_StdPeriph_Driver\src\usbd_ioreq.o
                0x08005424                USBD_CtlSendData
 .text.USBD_CtlContinueSendData
                0x08005464       0x28 Libraries\STM32F4xx_StdPeriph_Driver\src\usbd_ioreq.o
                0x08005464                USBD_CtlContinueSendData
 .text.USBD_CtlPrepareRx
                0x0800548c       0x40 Libraries\STM32F4xx_StdPeriph_Driver\src\usbd_ioreq.o
                0x0800548c                USBD_CtlPrepareRx
 .text.USBD_CtlContinueRx
                0x080054cc       0x28 Libraries\STM32F4xx_StdPeriph_Driver\src\usbd_ioreq.o
                0x080054cc                USBD_CtlContinueRx
 .text.USBD_CtlSendStatus
                0x080054f4       0x30 Libraries\STM32F4xx_StdPeriph_Driver\src\usbd_ioreq.o
                0x080054f4                USBD_CtlSendStatus
 .text.USBD_CtlReceiveStatus
                0x08005524       0x30 Libraries\STM32F4xx_StdPeriph_Driver\src\usbd_ioreq.o
                0x08005524                USBD_CtlReceiveStatus
 .text.USBD_StdDevReq
                0x08005554       0xa0 Libraries\STM32F4xx_StdPeriph_Driver\src\usbd_req.o
                0x08005554                USBD_StdDevReq
 .text.USBD_StdItfReq
                0x080055f4       0x68 Libraries\STM32F4xx_StdPeriph_Driver\src\usbd_req.o
                0x080055f4                USBD_StdItfReq
 .text.USBD_StdEPReq
                0x0800565c      0x1b0 Libraries\STM32F4xx_StdPeriph_Driver\src\usbd_req.o
                0x0800565c                USBD_StdEPReq
 .text.USBD_GetDescriptor
                0x0800580c      0x1a8 Libraries\STM32F4xx_StdPeriph_Driver\src\usbd_req.o
 .text.USBD_SetAddress
                0x080059b4       0x7c Libraries\STM32F4xx_StdPeriph_Driver\src\usbd_req.o
 .text.USBD_SetConfig
                0x08005a30       0xf4 Libraries\STM32F4xx_StdPeriph_Driver\src\usbd_req.o
 .text.USBD_GetConfig
                0x08005b24       0x60 Libraries\STM32F4xx_StdPeriph_Driver\src\usbd_req.o
 .text.USBD_GetStatus
                0x08005b84       0x54 Libraries\STM32F4xx_StdPeriph_Driver\src\usbd_req.o
 .text.USBD_SetFeature
                0x08005bd8       0xd8 Libraries\STM32F4xx_StdPeriph_Driver\src\usbd_req.o
 .text.USBD_ClrFeature
                0x08005cb0       0x50 Libraries\STM32F4xx_StdPeriph_Driver\src\usbd_req.o
 .text.USBD_ParseSetupRequest
                0x08005d00       0x94 Libraries\STM32F4xx_StdPeriph_Driver\src\usbd_req.o
                0x08005d00                USBD_ParseSetupRequest
 .text.USBD_CtlError
                0x08005d94       0x28 Libraries\STM32F4xx_StdPeriph_Driver\src\usbd_req.o
                0x08005d94                USBD_CtlError
 .text.USBD_GetString
                0x08005dbc       0x88 Libraries\STM32F4xx_StdPeriph_Driver\src\usbd_req.o
                0x08005dbc                USBD_GetString
 .text.USBD_GetLen
                0x08005e44       0x30 Libraries\STM32F4xx_StdPeriph_Driver\src\usbd_req.o
 .text.USBD_USR_Init
                0x08005e74       0x18 Libraries\STM32F4xx_StdPeriph_Driver\src\usbd_usr.o
                0x08005e74                USBD_USR_Init
 .text.USBD_USR_DeviceReset
                0x08005e8c       0x20 Libraries\STM32F4xx_StdPeriph_Driver\src\usbd_usr.o
                0x08005e8c                USBD_USR_DeviceReset
 .text.USBD_USR_DeviceConfigured
                0x08005eac       0x18 Libraries\STM32F4xx_StdPeriph_Driver\src\usbd_usr.o
                0x08005eac                USBD_USR_DeviceConfigured
 .text.USBD_USR_DeviceSuspended
                0x08005ec4       0x18 Libraries\STM32F4xx_StdPeriph_Driver\src\usbd_usr.o
                0x08005ec4                USBD_USR_DeviceSuspended
 .text.USBD_USR_DeviceResumed
                0x08005edc       0x18 Libraries\STM32F4xx_StdPeriph_Driver\src\usbd_usr.o
                0x08005edc                USBD_USR_DeviceResumed
 .text.USBD_USR_DeviceConnected
                0x08005ef4       0x18 Libraries\STM32F4xx_StdPeriph_Driver\src\usbd_usr.o
                0x08005ef4                USBD_USR_DeviceConnected
 .text.USBD_USR_DeviceDisconnected
                0x08005f0c       0x18 Libraries\STM32F4xx_StdPeriph_Driver\src\usbd_usr.o
                0x08005f0c                USBD_USR_DeviceDisconnected
 *fill*         0x08005f24        0x4 
 .text.main     0x08005f28      0x140 src\main.o
                0x08005f28                main
 .text.ADC_IRQHandler
                0x08006068       0x5c src\main.o
                0x08006068                ADC_IRQHandler
 .text.TM_DMA_TransferCompleteHandler
                0x080060c4       0x2c src\main.o
                0x080060c4                TM_DMA_TransferCompleteHandler
 .text.Reset_Handler
                0x080060f0       0x50 src\startup_stm32f40xx.o
                0x080060f0                Reset_Handler
 .text.Default_Handler
                0x08006140        0x2 src\startup_stm32f40xx.o
                0x08006140                RTC_Alarm_IRQHandler
                0x08006140                HASH_RNG_IRQHandler
                0x08006140                EXTI2_IRQHandler
                0x08006140                TIM8_CC_IRQHandler
                0x08006140                TIM1_CC_IRQHandler
                0x08006140                SysTick_Handler
                0x08006140                PVD_IRQHandler
                0x08006140                SDIO_IRQHandler
                0x08006140                TAMP_STAMP_IRQHandler
                0x08006140                CAN2_RX1_IRQHandler
                0x08006140                EXTI3_IRQHandler
                0x08006140                TIM8_TRG_COM_TIM14_IRQHandler
                0x08006140                TIM1_UP_TIM10_IRQHandler
                0x08006140                TIM8_UP_TIM13_IRQHandler
                0x08006140                I2C3_ER_IRQHandler
                0x08006140                EXTI0_IRQHandler
                0x08006140                I2C2_EV_IRQHandler
                0x08006140                CAN1_RX0_IRQHandler
                0x08006140                FPU_IRQHandler
                0x08006140                OTG_HS_WKUP_IRQHandler
                0x08006140                CAN2_SCE_IRQHandler
                0x08006140                SPI1_IRQHandler
                0x08006140                TIM6_DAC_IRQHandler
                0x08006140                TIM1_BRK_TIM9_IRQHandler
                0x08006140                DCMI_IRQHandler
                0x08006140                CAN2_RX0_IRQHandler
                0x08006140                USART6_IRQHandler
                0x08006140                USART3_IRQHandler
                0x08006140                CRYP_IRQHandler
                0x08006140                CAN1_RX1_IRQHandler
                0x08006140                UART5_IRQHandler
                0x08006140                TIM4_IRQHandler
                0x08006140                I2C1_EV_IRQHandler
                0x08006140                UART4_IRQHandler
                0x08006140                TIM3_IRQHandler
                0x08006140                RCC_IRQHandler
                0x08006140                TIM8_BRK_TIM12_IRQHandler
                0x08006140                Default_Handler
                0x08006140                EXTI15_10_IRQHandler
                0x08006140                TIM7_IRQHandler
                0x08006140                CAN2_TX_IRQHandler
                0x08006140                TIM5_IRQHandler
                0x08006140                I2C3_EV_IRQHandler
                0x08006140                EXTI9_5_IRQHandler
                0x08006140                RTC_WKUP_IRQHandler
                0x08006140                ETH_WKUP_IRQHandler
                0x08006140                SPI2_IRQHandler
                0x08006140                OTG_HS_EP1_IN_IRQHandler
                0x08006140                CAN1_TX_IRQHandler
                0x08006140                EXTI4_IRQHandler
                0x08006140                FSMC_IRQHandler
                0x08006140                ETH_IRQHandler
                0x08006140                OTG_HS_EP1_OUT_IRQHandler
                0x08006140                WWDG_IRQHandler
                0x08006140                TIM2_IRQHandler
                0x08006140                TIM1_TRG_COM_TIM11_IRQHandler
                0x08006140                OTG_HS_IRQHandler
                0x08006140                EXTI1_IRQHandler
                0x08006140                USART2_IRQHandler
                0x08006140                I2C2_ER_IRQHandler
                0x08006140                CAN1_SCE_IRQHandler
                0x08006140                FLASH_IRQHandler
                0x08006140                USART1_IRQHandler
                0x08006140                SPI3_IRQHandler
                0x08006140                I2C1_ER_IRQHandler
 *fill*         0x08006142        0x2 
 .text.NMI_Handler
                0x08006144       0x10 src\stm32f4xx_it.o
                0x08006144                NMI_Handler
 .text.HardFault_Handler
                0x08006154        0x8 src\stm32f4xx_it.o
                0x08006154                HardFault_Handler
 .text.MemManage_Handler
                0x0800615c        0x8 src\stm32f4xx_it.o
                0x0800615c                MemManage_Handler
 .text.BusFault_Handler
                0x08006164        0x8 src\stm32f4xx_it.o
                0x08006164                BusFault_Handler
 .text.UsageFault_Handler
                0x0800616c        0x8 src\stm32f4xx_it.o
                0x0800616c                UsageFault_Handler
 .text.SVC_Handler
                0x08006174       0x10 src\stm32f4xx_it.o
                0x08006174                SVC_Handler
 .text.DebugMon_Handler
                0x08006184       0x10 src\stm32f4xx_it.o
                0x08006184                DebugMon_Handler
 .text.PendSV_Handler
                0x08006194       0x10 src\stm32f4xx_it.o
                0x08006194                PendSV_Handler
 .text.SystemInit
                0x080061a4       0x6c src\system_stm32f4xx.o
                0x080061a4                SystemInit
 .text.SetSysClock
                0x08006210       0xf8 src\system_stm32f4xx.o
 .text.__libc_init_array
                0x08006308       0x4c c:/program files (x86)/atollic/truestudio for arm 7.1.1/armtools/bin/../lib/gcc/arm-atollic-eabi/5.3.1/../../../../arm-atollic-eabi/lib/armv7e-m/fpu\libc_nano.a(lib_a-init.o)
                0x08006308                __libc_init_array
 *(.glue_7)
 .glue_7        0x08006354        0x0 linker stubs
 *(.glue_7t)
 .glue_7t       0x08006354        0x0 linker stubs
 *(.eh_frame)
 .eh_frame      0x08006354        0x0 c:/program files (x86)/atollic/truestudio for arm 7.1.1/armtools/bin/../lib/gcc/arm-atollic-eabi/5.3.1/armv7e-m/fpu/crtbegin.o
 *(.init)
 .init          0x08006354        0x4 c:/program files (x86)/atollic/truestudio for arm 7.1.1/armtools/bin/../lib/gcc/arm-atollic-eabi/5.3.1/armv7e-m/fpu/crti.o
                0x08006354                _init
 .init          0x08006358        0x8 c:/program files (x86)/atollic/truestudio for arm 7.1.1/armtools/bin/../lib/gcc/arm-atollic-eabi/5.3.1/armv7e-m/fpu/crtn.o
 *(.fini)
 .fini          0x08006360        0x4 c:/program files (x86)/atollic/truestudio for arm 7.1.1/armtools/bin/../lib/gcc/arm-atollic-eabi/5.3.1/armv7e-m/fpu/crti.o
                0x08006360                _fini
 .fini          0x08006364        0x8 c:/program files (x86)/atollic/truestudio for arm 7.1.1/armtools/bin/../lib/gcc/arm-atollic-eabi/5.3.1/armv7e-m/fpu/crtn.o
                0x0800636c                . = ALIGN (0x4)
                0x0800636c                _etext = .

.vfp11_veneer   0x0800636c        0x0
 .vfp11_veneer  0x0800636c        0x0 linker stubs

.v4_bx          0x0800636c        0x0
 .v4_bx         0x0800636c        0x0 linker stubs

.iplt           0x0800636c        0x0
 .iplt          0x0800636c        0x0 c:/program files (x86)/atollic/truestudio for arm 7.1.1/armtools/bin/../lib/gcc/arm-atollic-eabi/5.3.1/armv7e-m/fpu/crtbegin.o

.rodata         0x0800636c    0x12c78
                0x0800636c                . = ALIGN (0x4)
 *(.rodata)
 .rodata        0x0800636c       0x62 Libraries\STM32F4xx_StdPeriph_Driver\src\usbd_desc.o
 *(.rodata*)
 *fill*         0x080063ce        0x2 
 .rodata.DAC_SIGNAL_Sinus
                0x080063d0    0x12c00 Libraries\STM32F4xx_StdPeriph_Driver\src\tm_stm32f4_dac_signal.o
                0x080063d0                DAC_SIGNAL_Sinus
 .rodata.DMA_Flags_Bit_Pos
                0x08018fd0        0x4 Libraries\STM32F4xx_StdPeriph_Driver\src\tm_stm32f4_dma.o
 .rodata.DMA_IRQs
                0x08018fd4       0x10 Libraries\STM32F4xx_StdPeriph_Driver\src\tm_stm32f4_dma.o
                0x08018fe4                . = ALIGN (0x4)

.rel.dyn        0x08018fe4        0x0
 .rel.iplt      0x08018fe4        0x0 c:/program files (x86)/atollic/truestudio for arm 7.1.1/armtools/bin/../lib/gcc/arm-atollic-eabi/5.3.1/armv7e-m/fpu/crtbegin.o

.ARM.extab
 *(.ARM.extab* .gnu.linkonce.armextab.*)

.ARM            0x08018fe4        0x0
                0x08018fe4                __exidx_start = .
 *(.ARM.exidx*)
                0x08018fe4                __exidx_end = .

.preinit_array  0x08018fe4        0x0
                0x08018fe4                PROVIDE (__preinit_array_start, .)
 *(.preinit_array*)
                0x08018fe4                PROVIDE (__preinit_array_end, .)

.init_array     0x08018fe4        0x4
                0x08018fe4                PROVIDE (__init_array_start, .)
 *(SORT(.init_array.*))
 *(.init_array*)
 .init_array    0x08018fe4        0x4 c:/program files (x86)/atollic/truestudio for arm 7.1.1/armtools/bin/../lib/gcc/arm-atollic-eabi/5.3.1/armv7e-m/fpu/crtbegin.o
                0x08018fe8                PROVIDE (__init_array_end, .)

.fini_array     0x08018fe8        0x4
                [!provide]                PROVIDE (__fini_array_start, .)
 *(SORT(.fini_array.*))
 *(.fini_array*)
 .fini_array    0x08018fe8        0x4 c:/program files (x86)/atollic/truestudio for arm 7.1.1/armtools/bin/../lib/gcc/arm-atollic-eabi/5.3.1/armv7e-m/fpu/crtbegin.o
                [!provide]                PROVIDE (__fini_array_end, .)
                0x08018fec                _sidata = LOADADDR (.data)

.data           0x20000000      0x1a8 load address 0x08018fec
                0x20000000                . = ALIGN (0x4)
                0x20000000                _sdata = .
 *(.data)
 *(.data*)
 .data.APBAHBPrescTable
                0x20000000       0x10 Libraries\STM32F4xx_StdPeriph_Driver\src\stm32f4xx_rcc.o
 .data.DAC_SIGNAL_Triangle
                0x20000010       0x40 Libraries\STM32F4xx_StdPeriph_Driver\src\tm_stm32f4_dac_signal.o
                0x20000010                DAC_SIGNAL_Triangle
 .data.DAC_SIGNAL_Sawtooth
                0x20000050       0x40 Libraries\STM32F4xx_StdPeriph_Driver\src\tm_stm32f4_dac_signal.o
                0x20000050                DAC_SIGNAL_Sawtooth
 .data.DAC_SIGNAL_Square
                0x20000090        0x4 Libraries\STM32F4xx_StdPeriph_Driver\src\tm_stm32f4_dac_signal.o
                0x20000090                DAC_SIGNAL_Square
 .data.usbd_cdc_CfgDesc
                0x20000094       0x43 Libraries\STM32F4xx_StdPeriph_Driver\src\usbd_cdc_core.o
                0x20000094                usbd_cdc_CfgDesc
 *fill*         0x200000d7        0x1 
 .data.cdcCmd   0x200000d8        0x4 Libraries\STM32F4xx_StdPeriph_Driver\src\usbd_cdc_core.o
 .data.USBD_CDC_cb
                0x200000dc       0x2c Libraries\STM32F4xx_StdPeriph_Driver\src\usbd_cdc_core.o
                0x200000dc                USBD_CDC_cb
 .data.linecoding
                0x20000108        0x8 Libraries\STM32F4xx_StdPeriph_Driver\src\usbd_cdc_vcp.o
                0x20000108                linecoding
 .data.VCP_fops
                0x20000110       0x14 Libraries\STM32F4xx_StdPeriph_Driver\src\usbd_cdc_vcp.o
                0x20000110                VCP_fops
 .data.USBD_DCD_INT_cb
                0x20000124       0x2c Libraries\STM32F4xx_StdPeriph_Driver\src\usbd_core.o
                0x20000124                USBD_DCD_INT_cb
 .data.USBD_DCD_INT_fops
                0x20000150        0x4 Libraries\STM32F4xx_StdPeriph_Driver\src\usbd_core.o
                0x20000150                USBD_DCD_INT_fops
 .data.USR_desc
                0x20000154       0x1c Libraries\STM32F4xx_StdPeriph_Driver\src\usbd_desc.o
                0x20000154                USR_desc
 .data.USBD_DeviceDesc
                0x20000170       0x12 Libraries\STM32F4xx_StdPeriph_Driver\src\usbd_desc.o
                0x20000170                USBD_DeviceDesc
 *fill*         0x20000182        0x2 
 .data.USBD_LangIDDesc
                0x20000184        0x4 Libraries\STM32F4xx_StdPeriph_Driver\src\usbd_desc.o
                0x20000184                USBD_LangIDDesc
 .data.TM_USB_VCP_INT_Status
                0x20000188        0x1 Libraries\STM32F4xx_StdPeriph_Driver\src\usbd_usr.o
                0x20000188                TM_USB_VCP_INT_Status
 *fill*         0x20000189        0x3 
 .data.USR_cb   0x2000018c       0x1c Libraries\STM32F4xx_StdPeriph_Driver\src\usbd_usr.o
                0x2000018c                USR_cb
                0x200001a8                . = ALIGN (0x4)
                0x200001a8                _edata = .
                0x08019194                _siccmram = LOADADDR (.ccmram)

.igot.plt       0x200001a8        0x0 load address 0x08019194
 .igot.plt      0x200001a8        0x0 c:/program files (x86)/atollic/truestudio for arm 7.1.1/armtools/bin/../lib/gcc/arm-atollic-eabi/5.3.1/armv7e-m/fpu/crtbegin.o

.ccmram         0x10000000        0x0 load address 0x08019194
                0x10000000                . = ALIGN (0x4)
                0x10000000                _sccmram = .
 *(.ccmram)
 *(.ccmram*)
                0x10000000                . = ALIGN (0x4)
                0x10000000                _eccmram = .
                0x10000000                . = ALIGN (0x4)

.bss            0x200001a8     0x1084
                0x200001a8                _sbss = .
                0x200001a8                __bss_start__ = _sbss
 *(.bss)
 .bss           0x200001a8       0x1c c:/program files (x86)/atollic/truestudio for arm 7.1.1/armtools/bin/../lib/gcc/arm-atollic-eabi/5.3.1/armv7e-m/fpu/crtbegin.o
 *(.bss*)
 .bss.dac_timer_set
                0x200001c4        0x2 Libraries\STM32F4xx_StdPeriph_Driver\src\tm_stm32f4_dac_signal.o
                0x200001c4                dac_timer_set
 *fill*         0x200001c6        0x2 
 .bss.GPIO_UsedPins
                0x200001c8       0x16 Libraries\STM32F4xx_StdPeriph_Driver\src\tm_stm32f4_gpio.o
 .bss.TM_USB_VCP_INT_Init
                0x200001de        0x1 Libraries\STM32F4xx_StdPeriph_Driver\src\tm_stm32f4_usb_vcp.o
                0x200001de                TM_USB_VCP_INT_Init
 *fill*         0x200001df        0x1 
 .bss.usbd_cdc_AltSet
                0x200001e0        0x4 Libraries\STM32F4xx_StdPeriph_Driver\src\usbd_cdc_core.o
 .bss.APP_Rx_ptr_in
                0x200001e4        0x4 Libraries\STM32F4xx_StdPeriph_Driver\src\usbd_cdc_core.o
                0x200001e4                APP_Rx_ptr_in
 .bss.APP_Rx_ptr_out
                0x200001e8        0x4 Libraries\STM32F4xx_StdPeriph_Driver\src\usbd_cdc_core.o
                0x200001e8                APP_Rx_ptr_out
 .bss.APP_Rx_length
                0x200001ec        0x4 Libraries\STM32F4xx_StdPeriph_Driver\src\usbd_cdc_core.o
                0x200001ec                APP_Rx_length
 .bss.USB_Tx_State
                0x200001f0        0x1 Libraries\STM32F4xx_StdPeriph_Driver\src\usbd_cdc_core.o
                0x200001f0                USB_Tx_State
 *fill*         0x200001f1        0x3 
 .bss.cdcLen    0x200001f4        0x4 Libraries\STM32F4xx_StdPeriph_Driver\src\usbd_cdc_core.o
 .bss.FrameCount.9669
                0x200001f8        0x4 Libraries\STM32F4xx_StdPeriph_Driver\src\usbd_cdc_core.o
 .bss.USBD_ep_status
                0x200001fc        0x4 Libraries\STM32F4xx_StdPeriph_Driver\src\usbd_req.o
                0x200001fc                USBD_ep_status
 .bss.USBD_default_cfg
                0x20000200        0x4 Libraries\STM32F4xx_StdPeriph_Driver\src\usbd_req.o
                0x20000200                USBD_default_cfg
 .bss.USBD_cfg_status
                0x20000204        0x4 Libraries\STM32F4xx_StdPeriph_Driver\src\usbd_req.o
                0x20000204                USBD_cfg_status
 .bss.cfgidx.9676
                0x20000208        0x1 Libraries\STM32F4xx_StdPeriph_Driver\src\usbd_req.o
 .bss.counter   0x20000209        0x1 src\main.o
                0x20000209                counter
 *(COMMON)
 *fill*         0x2000020a        0x2 
 COMMON         0x2000020c        0x8 Libraries\STM32F4xx_StdPeriph_Driver\src\tm_stm32f4_dac_signal.o
                0x2000020c                DAC_TIM
 COMMON         0x20000214      0x680 Libraries\STM32F4xx_StdPeriph_Driver\src\tm_stm32f4_usb_vcp.o
                0x20000214                tm_int_usb_vcp_buf_in
                0x20000218                tm_int_usb_vcp_buf_num
                0x2000021c                tm_int_usb_vcp_buf_out
                0x20000220                TM_INT_USB_VCP_ReceiveBuffer
                0x200002a0                USB_OTG_dev
 COMMON         0x20000894      0x88c Libraries\STM32F4xx_StdPeriph_Driver\src\usbd_cdc_core.o
                0x20000894                usbd_cdc_OtherCfgDesc
                0x200008d8                USB_Rx_Buffer
                0x20000918                CmdBuff
                0x20000920                APP_Rx_Buffer
 COMMON         0x20001120        0x4 Libraries\STM32F4xx_StdPeriph_Driver\src\usbd_core.o
                0x20001120                SET_TEST_MODE
 COMMON         0x20001124       0xff Libraries\STM32F4xx_StdPeriph_Driver\src\usbd_req.o
                0x20001124                USBD_StrDesc
 *fill*         0x20001223        0x1 
 COMMON         0x20001224        0x6 src\main.o
                0x20001224                ADC_Value
                0x20001226                i
                0x20001228                bytes
                0x2000122c                . = ALIGN (0x4)
 *fill*         0x2000122a        0x2 
                0x2000122c                _ebss = .
                0x2000122c                __bss_end__ = _ebss

._user_heap_stack
                0x2000122c      0x400
                0x2000122c                . = ALIGN (0x4)
                [!provide]                PROVIDE (end, .)
                [!provide]                PROVIDE (_end, .)
                0x2000122c                . = (. + _Min_Heap_Size)
                0x2000162c                . = (. + _Min_Stack_Size)
 *fill*         0x2000122c      0x400 
                0x2000162c                . = ALIGN (0x4)

.memory_b1_text
 *(.mb1text)
 *(.mb1text*)
 *(.mb1rodata)
 *(.mb1rodata*)

/DISCARD/
 libc.a(*)
 libm.a(*)
 libgcc.a(*)

.ARM.attributes
                0x00000000       0x30
 *(.ARM.attributes)
 .ARM.attributes
                0x00000000       0x22 c:/program files (x86)/atollic/truestudio for arm 7.1.1/armtools/bin/../lib/gcc/arm-atollic-eabi/5.3.1/armv7e-m/fpu/crti.o
 .ARM.attributes
                0x00000022       0x34 c:/program files (x86)/atollic/truestudio for arm 7.1.1/armtools/bin/../lib/gcc/arm-atollic-eabi/5.3.1/armv7e-m/fpu/crtbegin.o
 .ARM.attributes
                0x00000056       0x39 Libraries\STM32F4xx_StdPeriph_Driver\src\misc.o
 .ARM.attributes
                0x0000008f       0x39 Libraries\STM32F4xx_StdPeriph_Driver\src\stm32f4xx_adc.o
 .ARM.attributes
                0x000000c8       0x39 Libraries\STM32F4xx_StdPeriph_Driver\src\stm32f4xx_dac.o
 .ARM.attributes
                0x00000101       0x39 Libraries\STM32F4xx_StdPeriph_Driver\src\stm32f4xx_dma.o
 .ARM.attributes
                0x0000013a       0x39 Libraries\STM32F4xx_StdPeriph_Driver\src\stm32f4xx_exti.o
 .ARM.attributes
                0x00000173       0x39 Libraries\STM32F4xx_StdPeriph_Driver\src\stm32f4xx_gpio.o
 .ARM.attributes
                0x000001ac       0x39 Libraries\STM32F4xx_StdPeriph_Driver\src\stm32f4xx_rcc.o
 .ARM.attributes
                0x000001e5       0x39 Libraries\STM32F4xx_StdPeriph_Driver\src\stm32f4xx_tim.o
 .ARM.attributes
                0x0000021e       0x39 Libraries\STM32F4xx_StdPeriph_Driver\src\tm_stm32f4_dac_signal.o
 .ARM.attributes
                0x00000257       0x39 Libraries\STM32F4xx_StdPeriph_Driver\src\tm_stm32f4_dma.o
 .ARM.attributes
                0x00000290       0x39 Libraries\STM32F4xx_StdPeriph_Driver\src\tm_stm32f4_gpio.o
 .ARM.attributes
                0x000002c9       0x39 Libraries\STM32F4xx_StdPeriph_Driver\src\tm_stm32f4_timer_properties.o
 .ARM.attributes
                0x00000302       0x39 Libraries\STM32F4xx_StdPeriph_Driver\src\tm_stm32f4_usb_vcp.o
 .ARM.attributes
                0x0000033b       0x39 Libraries\STM32F4xx_StdPeriph_Driver\src\usb_bsp.o
 .ARM.attributes
                0x00000374       0x39 Libraries\STM32F4xx_StdPeriph_Driver\src\usb_core.o
 .ARM.attributes
                0x000003ad       0x39 Libraries\STM32F4xx_StdPeriph_Driver\src\usb_dcd.o
 .ARM.attributes
                0x000003e6       0x39 Libraries\STM32F4xx_StdPeriph_Driver\src\usb_dcd_int.o
 .ARM.attributes
                0x0000041f       0x39 Libraries\STM32F4xx_StdPeriph_Driver\src\usbd_cdc_core.o
 .ARM.attributes
                0x00000458       0x39 Libraries\STM32F4xx_StdPeriph_Driver\src\usbd_cdc_vcp.o
 .ARM.attributes
                0x00000491       0x39 Libraries\STM32F4xx_StdPeriph_Driver\src\usbd_core.o
 .ARM.attributes
                0x000004ca       0x39 Libraries\STM32F4xx_StdPeriph_Driver\src\usbd_desc.o
 .ARM.attributes
                0x00000503       0x39 Libraries\STM32F4xx_StdPeriph_Driver\src\usbd_ioreq.o
 .ARM.attributes
                0x0000053c       0x39 Libraries\STM32F4xx_StdPeriph_Driver\src\usbd_req.o
 .ARM.attributes
                0x00000575       0x39 Libraries\STM32F4xx_StdPeriph_Driver\src\usbd_usr.o
 .ARM.attributes
                0x000005ae       0x39 src\main.o
 .ARM.attributes
                0x000005e7       0x21 src\startup_stm32f40xx.o
 .ARM.attributes
                0x00000608       0x39 src\stm32f4xx_it.o
 .ARM.attributes
                0x00000641       0x39 src\system_stm32f4xx.o
 .ARM.attributes
                0x0000067a       0x34 c:/program files (x86)/atollic/truestudio for arm 7.1.1/armtools/bin/../lib/gcc/arm-atollic-eabi/5.3.1/../../../../arm-atollic-eabi/lib/armv7e-m/fpu\libc_nano.a(lib_a-init.o)
 .ARM.attributes
                0x000006ae       0x22 c:/program files (x86)/atollic/truestudio for arm 7.1.1/armtools/bin/../lib/gcc/arm-atollic-eabi/5.3.1/armv7e-m/fpu\libgcc.a(_arm_addsubdf3.o)
 .ARM.attributes
                0x000006d0       0x22 c:/program files (x86)/atollic/truestudio for arm 7.1.1/armtools/bin/../lib/gcc/arm-atollic-eabi/5.3.1/armv7e-m/fpu\libgcc.a(_arm_muldivdf3.o)
 .ARM.attributes
                0x000006f2       0x22 c:/program files (x86)/atollic/truestudio for arm 7.1.1/armtools/bin/../lib/gcc/arm-atollic-eabi/5.3.1/armv7e-m/fpu\libgcc.a(_arm_cmpdf2.o)
 .ARM.attributes
                0x00000714       0x22 c:/program files (x86)/atollic/truestudio for arm 7.1.1/armtools/bin/../lib/gcc/arm-atollic-eabi/5.3.1/armv7e-m/fpu\libgcc.a(_arm_fixunsdfsi.o)
 .ARM.attributes
                0x00000736       0x22 c:/program files (x86)/atollic/truestudio for arm 7.1.1/armtools/bin/../lib/gcc/arm-atollic-eabi/5.3.1/armv7e-m/fpu/crtn.o
OUTPUT(thesis_ADC.elf elf32-littlearm)

.debug_info     0x00000000    0x13da1
 .debug_info    0x00000000      0x55a Libraries\STM32F4xx_StdPeriph_Driver\src\misc.o
 .debug_info    0x0000055a      0xc44 Libraries\STM32F4xx_StdPeriph_Driver\src\stm32f4xx_adc.o
 .debug_info    0x0000119e      0x649 Libraries\STM32F4xx_StdPeriph_Driver\src\stm32f4xx_dac.o
 .debug_info    0x000017e7      0x745 Libraries\STM32F4xx_StdPeriph_Driver\src\stm32f4xx_dma.o
 .debug_info    0x00001f2c      0x35b Libraries\STM32F4xx_StdPeriph_Driver\src\stm32f4xx_exti.o
 .debug_info    0x00002287      0x621 Libraries\STM32F4xx_StdPeriph_Driver\src\stm32f4xx_gpio.o
 .debug_info    0x000028a8      0xc8d Libraries\STM32F4xx_StdPeriph_Driver\src\stm32f4xx_rcc.o
 .debug_info    0x00003535     0x1c6d Libraries\STM32F4xx_StdPeriph_Driver\src\stm32f4xx_tim.o
 .debug_info    0x000051a2      0xb36 Libraries\STM32F4xx_StdPeriph_Driver\src\tm_stm32f4_dac_signal.o
 .debug_info    0x00005cd8      0x938 Libraries\STM32F4xx_StdPeriph_Driver\src\tm_stm32f4_dma.o
 .debug_info    0x00006610      0x841 Libraries\STM32F4xx_StdPeriph_Driver\src\tm_stm32f4_gpio.o
 .debug_info    0x00006e51      0x616 Libraries\STM32F4xx_StdPeriph_Driver\src\tm_stm32f4_timer_properties.o
 .debug_info    0x00007467      0xe92 Libraries\STM32F4xx_StdPeriph_Driver\src\tm_stm32f4_usb_vcp.o
 .debug_info    0x000082f9     0x102b Libraries\STM32F4xx_StdPeriph_Driver\src\usb_bsp.o
 .debug_info    0x00009324     0x24b2 Libraries\STM32F4xx_StdPeriph_Driver\src\usb_core.o
 .debug_info    0x0000b7d6     0x1066 Libraries\STM32F4xx_StdPeriph_Driver\src\usb_dcd.o
 .debug_info    0x0000c83c     0x1de8 Libraries\STM32F4xx_StdPeriph_Driver\src\usb_dcd_int.o
 .debug_info    0x0000e624      0xf39 Libraries\STM32F4xx_StdPeriph_Driver\src\usbd_cdc_core.o
 .debug_info    0x0000f55d      0x32e Libraries\STM32F4xx_StdPeriph_Driver\src\usbd_cdc_vcp.o
 .debug_info    0x0000f88b     0x100d Libraries\STM32F4xx_StdPeriph_Driver\src\usbd_core.o
 .debug_info    0x00010898      0x36f Libraries\STM32F4xx_StdPeriph_Driver\src\usbd_desc.o
 .debug_info    0x00010c07      0xcfe Libraries\STM32F4xx_StdPeriph_Driver\src\usbd_ioreq.o
 .debug_info    0x00011905     0x1002 Libraries\STM32F4xx_StdPeriph_Driver\src\usbd_req.o
 .debug_info    0x00012907      0x251 Libraries\STM32F4xx_StdPeriph_Driver\src\usbd_usr.o
 .debug_info    0x00012b58      0xad1 src\main.o
 .debug_info    0x00013629       0x80 src\startup_stm32f40xx.o
 .debug_info    0x000136a9      0x122 src\stm32f4xx_it.o
 .debug_info    0x000137cb      0x5d6 src\system_stm32f4xx.o

.debug_abbrev   0x00000000     0x2df9
 .debug_abbrev  0x00000000      0x149 Libraries\STM32F4xx_StdPeriph_Driver\src\misc.o
 .debug_abbrev  0x00000149      0x19a Libraries\STM32F4xx_StdPeriph_Driver\src\stm32f4xx_adc.o
 .debug_abbrev  0x000002e3      0x180 Libraries\STM32F4xx_StdPeriph_Driver\src\stm32f4xx_dac.o
 .debug_abbrev  0x00000463      0x159 Libraries\STM32F4xx_StdPeriph_Driver\src\stm32f4xx_dma.o
 .debug_abbrev  0x000005bc      0x1ab Libraries\STM32F4xx_StdPeriph_Driver\src\stm32f4xx_exti.o
 .debug_abbrev  0x00000767      0x1a9 Libraries\STM32F4xx_StdPeriph_Driver\src\stm32f4xx_gpio.o
 .debug_abbrev  0x00000910      0x1e7 Libraries\STM32F4xx_StdPeriph_Driver\src\stm32f4xx_rcc.o
 .debug_abbrev  0x00000af7      0x18b Libraries\STM32F4xx_StdPeriph_Driver\src\stm32f4xx_tim.o
 .debug_abbrev  0x00000c82      0x151 Libraries\STM32F4xx_StdPeriph_Driver\src\tm_stm32f4_dac_signal.o
 .debug_abbrev  0x00000dd3      0x208 Libraries\STM32F4xx_StdPeriph_Driver\src\tm_stm32f4_dma.o
 .debug_abbrev  0x00000fdb      0x153 Libraries\STM32F4xx_StdPeriph_Driver\src\tm_stm32f4_gpio.o
 .debug_abbrev  0x0000112e      0x12c Libraries\STM32F4xx_StdPeriph_Driver\src\tm_stm32f4_timer_properties.o
 .debug_abbrev  0x0000125a      0x216 Libraries\STM32F4xx_StdPeriph_Driver\src\tm_stm32f4_usb_vcp.o
 .debug_abbrev  0x00001470      0x213 Libraries\STM32F4xx_StdPeriph_Driver\src\usb_bsp.o
 .debug_abbrev  0x00001683      0x2ed Libraries\STM32F4xx_StdPeriph_Driver\src\usb_core.o
 .debug_abbrev  0x00001970      0x25d Libraries\STM32F4xx_StdPeriph_Driver\src\usb_dcd.o
 .debug_abbrev  0x00001bcd      0x25f Libraries\STM32F4xx_StdPeriph_Driver\src\usb_dcd_int.o
 .debug_abbrev  0x00001e2c      0x219 Libraries\STM32F4xx_StdPeriph_Driver\src\usbd_cdc_core.o
 .debug_abbrev  0x00002045      0x17d Libraries\STM32F4xx_StdPeriph_Driver\src\usbd_cdc_vcp.o
 .debug_abbrev  0x000021c2      0x279 Libraries\STM32F4xx_StdPeriph_Driver\src\usbd_core.o
 .debug_abbrev  0x0000243b      0x103 Libraries\STM32F4xx_StdPeriph_Driver\src\usbd_desc.o
 .debug_abbrev  0x0000253e      0x1b3 Libraries\STM32F4xx_StdPeriph_Driver\src\usbd_ioreq.o
 .debug_abbrev  0x000026f1      0x2a8 Libraries\STM32F4xx_StdPeriph_Driver\src\usbd_req.o
 .debug_abbrev  0x00002999      0x111 Libraries\STM32F4xx_StdPeriph_Driver\src\usbd_usr.o
 .debug_abbrev  0x00002aaa      0x19c src\main.o
 .debug_abbrev  0x00002c46       0x12 src\startup_stm32f40xx.o
 .debug_abbrev  0x00002c58       0x67 src\stm32f4xx_it.o
 .debug_abbrev  0x00002cbf      0x13a src\system_stm32f4xx.o

.debug_aranges  0x00000000     0x10a8
 .debug_aranges
                0x00000000       0x40 Libraries\STM32F4xx_StdPeriph_Driver\src\misc.o
 .debug_aranges
                0x00000040      0x148 Libraries\STM32F4xx_StdPeriph_Driver\src\stm32f4xx_adc.o
 .debug_aranges
                0x00000188       0xa0 Libraries\STM32F4xx_StdPeriph_Driver\src\stm32f4xx_dac.o
 .debug_aranges
                0x00000228       0xb0 Libraries\STM32F4xx_StdPeriph_Driver\src\stm32f4xx_dma.o
 .debug_aranges
                0x000002d8       0x58 Libraries\STM32F4xx_StdPeriph_Driver\src\stm32f4xx_exti.o
 .debug_aranges
                0x00000330       0x88 Libraries\STM32F4xx_StdPeriph_Driver\src\stm32f4xx_gpio.o
 .debug_aranges
                0x000003b8      0x180 Libraries\STM32F4xx_StdPeriph_Driver\src\stm32f4xx_rcc.o
 .debug_aranges
                0x00000538      0x2f8 Libraries\STM32F4xx_StdPeriph_Driver\src\stm32f4xx_tim.o
 .debug_aranges
                0x00000830       0x30 Libraries\STM32F4xx_StdPeriph_Driver\src\tm_stm32f4_dac_signal.o
 .debug_aranges
                0x00000860       0xf8 Libraries\STM32F4xx_StdPeriph_Driver\src\tm_stm32f4_dma.o
 .debug_aranges
                0x00000958       0x98 Libraries\STM32F4xx_StdPeriph_Driver\src\tm_stm32f4_gpio.o
 .debug_aranges
                0x000009f0       0x38 Libraries\STM32F4xx_StdPeriph_Driver\src\tm_stm32f4_timer_properties.o
 .debug_aranges
                0x00000a28       0x78 Libraries\STM32F4xx_StdPeriph_Driver\src\tm_stm32f4_usb_vcp.o
 .debug_aranges
                0x00000aa0       0x48 Libraries\STM32F4xx_StdPeriph_Driver\src\usb_bsp.o
 .debug_aranges
                0x00000ae8      0x138 Libraries\STM32F4xx_StdPeriph_Driver\src\usb_core.o
 .debug_aranges
                0x00000c20       0x80 Libraries\STM32F4xx_StdPeriph_Driver\src\usb_dcd.o
 .debug_aranges
                0x00000ca0       0x80 Libraries\STM32F4xx_StdPeriph_Driver\src\usb_dcd_int.o
 .debug_aranges
                0x00000d20       0x60 Libraries\STM32F4xx_StdPeriph_Driver\src\usbd_cdc_core.o
 .debug_aranges
                0x00000d80       0x40 Libraries\STM32F4xx_StdPeriph_Driver\src\usbd_cdc_vcp.o
 .debug_aranges
                0x00000dc0       0x88 Libraries\STM32F4xx_StdPeriph_Driver\src\usbd_core.o
 .debug_aranges
                0x00000e48       0x50 Libraries\STM32F4xx_StdPeriph_Driver\src\usbd_desc.o
 .debug_aranges
                0x00000e98       0x50 Libraries\STM32F4xx_StdPeriph_Driver\src\usbd_ioreq.o
 .debug_aranges
                0x00000ee8       0x88 Libraries\STM32F4xx_StdPeriph_Driver\src\usbd_req.o
 .debug_aranges
                0x00000f70       0x58 Libraries\STM32F4xx_StdPeriph_Driver\src\usbd_usr.o
 .debug_aranges
                0x00000fc8       0x30 src\main.o
 .debug_aranges
                0x00000ff8       0x28 src\startup_stm32f40xx.o
 .debug_aranges
                0x00001020       0x58 src\stm32f4xx_it.o
 .debug_aranges
                0x00001078       0x30 src\system_stm32f4xx.o

.debug_ranges   0x00000000      0xef0
 .debug_ranges  0x00000000       0x30 Libraries\STM32F4xx_StdPeriph_Driver\src\misc.o
 .debug_ranges  0x00000030      0x138 Libraries\STM32F4xx_StdPeriph_Driver\src\stm32f4xx_adc.o
 .debug_ranges  0x00000168       0x90 Libraries\STM32F4xx_StdPeriph_Driver\src\stm32f4xx_dac.o
 .debug_ranges  0x000001f8       0xa0 Libraries\STM32F4xx_StdPeriph_Driver\src\stm32f4xx_dma.o
 .debug_ranges  0x00000298       0x48 Libraries\STM32F4xx_StdPeriph_Driver\src\stm32f4xx_exti.o
 .debug_ranges  0x000002e0       0x78 Libraries\STM32F4xx_StdPeriph_Driver\src\stm32f4xx_gpio.o
 .debug_ranges  0x00000358      0x170 Libraries\STM32F4xx_StdPeriph_Driver\src\stm32f4xx_rcc.o
 .debug_ranges  0x000004c8      0x2e8 Libraries\STM32F4xx_StdPeriph_Driver\src\stm32f4xx_tim.o
 .debug_ranges  0x000007b0       0x20 Libraries\STM32F4xx_StdPeriph_Driver\src\tm_stm32f4_dac_signal.o
 .debug_ranges  0x000007d0       0xe8 Libraries\STM32F4xx_StdPeriph_Driver\src\tm_stm32f4_dma.o
 .debug_ranges  0x000008b8       0x88 Libraries\STM32F4xx_StdPeriph_Driver\src\tm_stm32f4_gpio.o
 .debug_ranges  0x00000940       0x28 Libraries\STM32F4xx_StdPeriph_Driver\src\tm_stm32f4_timer_properties.o
 .debug_ranges  0x00000968       0x68 Libraries\STM32F4xx_StdPeriph_Driver\src\tm_stm32f4_usb_vcp.o
 .debug_ranges  0x000009d0       0x38 Libraries\STM32F4xx_StdPeriph_Driver\src\usb_bsp.o
 .debug_ranges  0x00000a08      0x128 Libraries\STM32F4xx_StdPeriph_Driver\src\usb_core.o
 .debug_ranges  0x00000b30       0x70 Libraries\STM32F4xx_StdPeriph_Driver\src\usb_dcd.o
 .debug_ranges  0x00000ba0       0x70 Libraries\STM32F4xx_StdPeriph_Driver\src\usb_dcd_int.o
 .debug_ranges  0x00000c10       0x50 Libraries\STM32F4xx_StdPeriph_Driver\src\usbd_cdc_core.o
 .debug_ranges  0x00000c60       0x30 Libraries\STM32F4xx_StdPeriph_Driver\src\usbd_cdc_vcp.o
 .debug_ranges  0x00000c90       0x78 Libraries\STM32F4xx_StdPeriph_Driver\src\usbd_core.o
 .debug_ranges  0x00000d08       0x40 Libraries\STM32F4xx_StdPeriph_Driver\src\usbd_desc.o
 .debug_ranges  0x00000d48       0x40 Libraries\STM32F4xx_StdPeriph_Driver\src\usbd_ioreq.o
 .debug_ranges  0x00000d88       0x78 Libraries\STM32F4xx_StdPeriph_Driver\src\usbd_req.o
 .debug_ranges  0x00000e00       0x48 Libraries\STM32F4xx_StdPeriph_Driver\src\usbd_usr.o
 .debug_ranges  0x00000e48       0x20 src\main.o
 .debug_ranges  0x00000e68       0x20 src\startup_stm32f40xx.o
 .debug_ranges  0x00000e88       0x48 src\stm32f4xx_it.o
 .debug_ranges  0x00000ed0       0x20 src\system_stm32f4xx.o

.debug_line     0x00000000     0x613c
 .debug_line    0x00000000      0x239 Libraries\STM32F4xx_StdPeriph_Driver\src\misc.o
 .debug_line    0x00000239      0x558 Libraries\STM32F4xx_StdPeriph_Driver\src\stm32f4xx_adc.o
 .debug_line    0x00000791      0x34d Libraries\STM32F4xx_StdPeriph_Driver\src\stm32f4xx_dac.o
 .debug_line    0x00000ade      0x425 Libraries\STM32F4xx_StdPeriph_Driver\src\stm32f4xx_dma.o
 .debug_line    0x00000f03      0x29c Libraries\STM32F4xx_StdPeriph_Driver\src\stm32f4xx_exti.o
 .debug_line    0x0000119f      0x35b Libraries\STM32F4xx_StdPeriph_Driver\src\stm32f4xx_gpio.o
 .debug_line    0x000014fa      0x5b3 Libraries\STM32F4xx_StdPeriph_Driver\src\stm32f4xx_rcc.o
 .debug_line    0x00001aad      0xabc Libraries\STM32F4xx_StdPeriph_Driver\src\stm32f4xx_tim.o
 .debug_line    0x00002569      0x2f1 Libraries\STM32F4xx_StdPeriph_Driver\src\tm_stm32f4_dac_signal.o
 .debug_line    0x0000285a      0x44f Libraries\STM32F4xx_StdPeriph_Driver\src\tm_stm32f4_dma.o
 .debug_line    0x00002ca9      0x3ad Libraries\STM32F4xx_StdPeriph_Driver\src\tm_stm32f4_gpio.o
 .debug_line    0x00003056      0x2d4 Libraries\STM32F4xx_StdPeriph_Driver\src\tm_stm32f4_timer_properties.o
 .debug_line    0x0000332a      0x34c Libraries\STM32F4xx_StdPeriph_Driver\src\tm_stm32f4_usb_vcp.o
 .debug_line    0x00003676      0x289 Libraries\STM32F4xx_StdPeriph_Driver\src\usb_bsp.o
 .debug_line    0x000038ff      0x705 Libraries\STM32F4xx_StdPeriph_Driver\src\usb_core.o
 .debug_line    0x00004004      0x364 Libraries\STM32F4xx_StdPeriph_Driver\src\usb_dcd.o
 .debug_line    0x00004368      0x3de Libraries\STM32F4xx_StdPeriph_Driver\src\usb_dcd_int.o
 .debug_line    0x00004746      0x2c5 Libraries\STM32F4xx_StdPeriph_Driver\src\usbd_cdc_core.o
 .debug_line    0x00004a0b      0x254 Libraries\STM32F4xx_StdPeriph_Driver\src\usbd_cdc_vcp.o
 .debug_line    0x00004c5f      0x352 Libraries\STM32F4xx_StdPeriph_Driver\src\usbd_core.o
 .debug_line    0x00004fb1      0x230 Libraries\STM32F4xx_StdPeriph_Driver\src\usbd_desc.o
 .debug_line    0x000051e1      0x24e Libraries\STM32F4xx_StdPeriph_Driver\src\usbd_ioreq.o
 .debug_line    0x0000542f      0x420 Libraries\STM32F4xx_StdPeriph_Driver\src\usbd_req.o
 .debug_line    0x0000584f      0x23f Libraries\STM32F4xx_StdPeriph_Driver\src\usbd_usr.o
 .debug_line    0x00005a8e      0x25f src\main.o
 .debug_line    0x00005ced       0x7a src\startup_stm32f40xx.o
 .debug_line    0x00005d67      0x1d6 src\stm32f4xx_it.o
 .debug_line    0x00005f3d      0x1ff src\system_stm32f4xx.o

.debug_str      0x00000000     0x59d7
 .debug_str     0x00000000      0x3f9 Libraries\STM32F4xx_StdPeriph_Driver\src\misc.o
                                0x44d (size before relaxing)
 .debug_str     0x000003f9      0x650 Libraries\STM32F4xx_StdPeriph_Driver\src\stm32f4xx_adc.o
                                0x883 (size before relaxing)
 .debug_str     0x00000a49      0x276 Libraries\STM32F4xx_StdPeriph_Driver\src\stm32f4xx_dac.o
                                0x4d2 (size before relaxing)
 .debug_str     0x00000cbf      0x369 Libraries\STM32F4xx_StdPeriph_Driver\src\stm32f4xx_dma.o
                                0x5c1 (size before relaxing)
 .debug_str     0x00001028      0x1c0 Libraries\STM32F4xx_StdPeriph_Driver\src\stm32f4xx_exti.o
                                0x3d8 (size before relaxing)
 .debug_str     0x000011e8      0x287 Libraries\STM32F4xx_StdPeriph_Driver\src\stm32f4xx_gpio.o
                                0x522 (size before relaxing)
 .debug_str     0x0000146f      0x65f Libraries\STM32F4xx_StdPeriph_Driver\src\stm32f4xx_rcc.o
                                0x8f8 (size before relaxing)
 .debug_str     0x00001ace      0xb7c Libraries\STM32F4xx_StdPeriph_Driver\src\stm32f4xx_tim.o
                                0xe4f (size before relaxing)
 .debug_str     0x0000264a      0x389 Libraries\STM32F4xx_StdPeriph_Driver\src\tm_stm32f4_dac_signal.o
                                0x9f3 (size before relaxing)
 .debug_str     0x000029d3      0x839 Libraries\STM32F4xx_StdPeriph_Driver\src\tm_stm32f4_dma.o
                                0xb73 (size before relaxing)
 .debug_str     0x0000320c      0x1de Libraries\STM32F4xx_StdPeriph_Driver\src\tm_stm32f4_gpio.o
                                0x631 (size before relaxing)
 .debug_str     0x000033ea      0x1d3 Libraries\STM32F4xx_StdPeriph_Driver\src\tm_stm32f4_timer_properties.o
                                0x60f (size before relaxing)
 .debug_str     0x000035bd      0x9d0 Libraries\STM32F4xx_StdPeriph_Driver\src\tm_stm32f4_usb_vcp.o
                                0xd00 (size before relaxing)
 .debug_str     0x00003f8d       0xed Libraries\STM32F4xx_StdPeriph_Driver\src\usb_bsp.o
                               0x1187 (size before relaxing)
 .debug_str     0x0000407a      0xbbf Libraries\STM32F4xx_StdPeriph_Driver\src\usb_core.o
                               0x1716 (size before relaxing)
 .debug_str     0x00004c39      0x114 Libraries\STM32F4xx_StdPeriph_Driver\src\usb_dcd.o
                                0xbde (size before relaxing)
 .debug_str     0x00004d4d      0x2e6 Libraries\STM32F4xx_StdPeriph_Driver\src\usb_dcd_int.o
                               0x138b (size before relaxing)
 .debug_str     0x00005033      0x235 Libraries\STM32F4xx_StdPeriph_Driver\src\usbd_cdc_core.o
                                0xbc9 (size before relaxing)
 .debug_str     0x00005268       0x70 Libraries\STM32F4xx_StdPeriph_Driver\src\usbd_cdc_vcp.o
                                0x34f (size before relaxing)
 .debug_str     0x000052d8      0x12c Libraries\STM32F4xx_StdPeriph_Driver\src\usbd_core.o
                                0xc2e (size before relaxing)
 .debug_str     0x00005404      0x140 Libraries\STM32F4xx_StdPeriph_Driver\src\usbd_desc.o
                                0x41c (size before relaxing)
 .debug_str     0x00005544       0xc1 Libraries\STM32F4xx_StdPeriph_Driver\src\usbd_ioreq.o
                                0xa6a (size before relaxing)
 .debug_str     0x00005605      0x154 Libraries\STM32F4xx_StdPeriph_Driver\src\usbd_req.o
                                0xbba (size before relaxing)
 .debug_str     0x00005759       0xed Libraries\STM32F4xx_StdPeriph_Driver\src\usbd_usr.o
                                0x44a (size before relaxing)
 .debug_str     0x00005846       0x5c src\main.o
                                0xd60 (size before relaxing)
 .debug_str     0x000058a2       0x96 src\stm32f4xx_it.o
                                0x24a (size before relaxing)
 .debug_str     0x00005938       0x9f src\system_stm32f4xx.o
                                0x411 (size before relaxing)

.comment        0x00000000       0x7e
 .comment       0x00000000       0x7e Libraries\STM32F4xx_StdPeriph_Driver\src\misc.o
                                 0x7f (size before relaxing)
 .comment       0x0000007e       0x7f Libraries\STM32F4xx_StdPeriph_Driver\src\stm32f4xx_adc.o
 .comment       0x0000007e       0x7f Libraries\STM32F4xx_StdPeriph_Driver\src\stm32f4xx_dac.o
 .comment       0x0000007e       0x7f Libraries\STM32F4xx_StdPeriph_Driver\src\stm32f4xx_dma.o
 .comment       0x0000007e       0x7f Libraries\STM32F4xx_StdPeriph_Driver\src\stm32f4xx_exti.o
 .comment       0x0000007e       0x7f Libraries\STM32F4xx_StdPeriph_Driver\src\stm32f4xx_gpio.o
 .comment       0x0000007e       0x7f Libraries\STM32F4xx_StdPeriph_Driver\src\stm32f4xx_rcc.o
 .comment       0x0000007e       0x7f Libraries\STM32F4xx_StdPeriph_Driver\src\stm32f4xx_tim.o
 .comment       0x0000007e       0x7f Libraries\STM32F4xx_StdPeriph_Driver\src\tm_stm32f4_dac_signal.o
 .comment       0x0000007e       0x7f Libraries\STM32F4xx_StdPeriph_Driver\src\tm_stm32f4_dma.o
 .comment       0x0000007e       0x7f Libraries\STM32F4xx_StdPeriph_Driver\src\tm_stm32f4_gpio.o
 .comment       0x0000007e       0x7f Libraries\STM32F4xx_StdPeriph_Driver\src\tm_stm32f4_timer_properties.o
 .comment       0x0000007e       0x7f Libraries\STM32F4xx_StdPeriph_Driver\src\tm_stm32f4_usb_vcp.o
 .comment       0x0000007e       0x7f Libraries\STM32F4xx_StdPeriph_Driver\src\usb_bsp.o
 .comment       0x0000007e       0x7f Libraries\STM32F4xx_StdPeriph_Driver\src\usb_core.o
 .comment       0x0000007e       0x7f Libraries\STM32F4xx_StdPeriph_Driver\src\usb_dcd.o
 .comment       0x0000007e       0x7f Libraries\STM32F4xx_StdPeriph_Driver\src\usb_dcd_int.o
 .comment       0x0000007e       0x7f Libraries\STM32F4xx_StdPeriph_Driver\src\usbd_cdc_core.o
 .comment       0x0000007e       0x7f Libraries\STM32F4xx_StdPeriph_Driver\src\usbd_cdc_vcp.o
 .comment       0x0000007e       0x7f Libraries\STM32F4xx_StdPeriph_Driver\src\usbd_core.o
 .comment       0x0000007e       0x7f Libraries\STM32F4xx_StdPeriph_Driver\src\usbd_desc.o
 .comment       0x0000007e       0x7f Libraries\STM32F4xx_StdPeriph_Driver\src\usbd_ioreq.o
 .comment       0x0000007e       0x7f Libraries\STM32F4xx_StdPeriph_Driver\src\usbd_req.o
 .comment       0x0000007e       0x7f Libraries\STM32F4xx_StdPeriph_Driver\src\usbd_usr.o
 .comment       0x0000007e       0x7f src\main.o
 .comment       0x0000007e       0x7f src\stm32f4xx_it.o
 .comment       0x0000007e       0x7f src\system_stm32f4xx.o

.debug_frame    0x00000000     0x4400
 .debug_frame   0x00000000       0xd8 Libraries\STM32F4xx_StdPeriph_Driver\src\misc.o
 .debug_frame   0x000000d8      0x5ec Libraries\STM32F4xx_StdPeriph_Driver\src\stm32f4xx_adc.o
 .debug_frame   0x000006c4      0x2ac Libraries\STM32F4xx_StdPeriph_Driver\src\stm32f4xx_dac.o
 .debug_frame   0x00000970      0x308 Libraries\STM32F4xx_StdPeriph_Driver\src\stm32f4xx_dma.o
 .debug_frame   0x00000c78      0x148 Libraries\STM32F4xx_StdPeriph_Driver\src\stm32f4xx_exti.o
 .debug_frame   0x00000dc0      0x23c Libraries\STM32F4xx_StdPeriph_Driver\src\stm32f4xx_gpio.o
 .debug_frame   0x00000ffc      0x6fc Libraries\STM32F4xx_StdPeriph_Driver\src\stm32f4xx_rcc.o
 .debug_frame   0x000016f8      0xe54 Libraries\STM32F4xx_StdPeriph_Driver\src\stm32f4xx_tim.o
 .debug_frame   0x0000254c       0x80 Libraries\STM32F4xx_StdPeriph_Driver\src\tm_stm32f4_dac_signal.o
 .debug_frame   0x000025cc      0x3a0 Libraries\STM32F4xx_StdPeriph_Driver\src\tm_stm32f4_dma.o
 .debug_frame   0x0000296c      0x274 Libraries\STM32F4xx_StdPeriph_Driver\src\tm_stm32f4_gpio.o
 .debug_frame   0x00002be0       0xac Libraries\STM32F4xx_StdPeriph_Driver\src\tm_stm32f4_timer_properties.o
 .debug_frame   0x00002c8c      0x1c4 Libraries\STM32F4xx_StdPeriph_Driver\src\tm_stm32f4_usb_vcp.o
 .debug_frame   0x00002e50       0xdc Libraries\STM32F4xx_StdPeriph_Driver\src\usb_bsp.o
 .debug_frame   0x00002f2c      0x584 Libraries\STM32F4xx_StdPeriph_Driver\src\usb_core.o
 .debug_frame   0x000034b0      0x1e8 Libraries\STM32F4xx_StdPeriph_Driver\src\usb_dcd.o
 .debug_frame   0x00003698      0x1e8 Libraries\STM32F4xx_StdPeriph_Driver\src\usb_dcd_int.o
 .debug_frame   0x00003880      0x158 Libraries\STM32F4xx_StdPeriph_Driver\src\usbd_cdc_core.o
 .debug_frame   0x000039d8       0xc4 Libraries\STM32F4xx_StdPeriph_Driver\src\usbd_cdc_vcp.o
 .debug_frame   0x00003a9c      0x210 Libraries\STM32F4xx_StdPeriph_Driver\src\usbd_core.o
 .debug_frame   0x00003cac      0x114 Libraries\STM32F4xx_StdPeriph_Driver\src\usbd_desc.o
 .debug_frame   0x00003dc0      0x110 Libraries\STM32F4xx_StdPeriph_Driver\src\usbd_ioreq.o
 .debug_frame   0x00003ed0      0x210 Libraries\STM32F4xx_StdPeriph_Driver\src\usbd_req.o
 .debug_frame   0x000040e0      0x118 Libraries\STM32F4xx_StdPeriph_Driver\src\usbd_usr.o
 .debug_frame   0x000041f8       0x70 src\main.o
 .debug_frame   0x00004268       0xf0 src\stm32f4xx_it.o
 .debug_frame   0x00004358       0x7c src\system_stm32f4xx.o
 .debug_frame   0x000043d4       0x2c c:/program files (x86)/atollic/truestudio for arm 7.1.1/armtools/bin/../lib/gcc/arm-atollic-eabi/5.3.1/../../../../arm-atollic-eabi/lib/armv7e-m/fpu\libc_nano.a(lib_a-init.o)

.stabstr        0x00000000       0x3f
 .stabstr       0x00000000       0x3f c:/program files (x86)/atollic/truestudio for arm 7.1.1/armtools/bin/../lib/gcc/arm-atollic-eabi/5.3.1/../../../../arm-atollic-eabi/lib/armv7e-m/fpu\libnosys.a(write.o)

Cross Reference Table

Symbol                                            File
ADC_AnalogWatchdogCmd                             Libraries\STM32F4xx_StdPeriph_Driver\src\stm32f4xx_adc.o
ADC_AnalogWatchdogSingleChannelConfig             Libraries\STM32F4xx_StdPeriph_Driver\src\stm32f4xx_adc.o
ADC_AnalogWatchdogThresholdsConfig                Libraries\STM32F4xx_StdPeriph_Driver\src\stm32f4xx_adc.o
ADC_AutoInjectedConvCmd                           Libraries\STM32F4xx_StdPeriph_Driver\src\stm32f4xx_adc.o
ADC_ClearFlag                                     Libraries\STM32F4xx_StdPeriph_Driver\src\stm32f4xx_adc.o
ADC_ClearITPendingBit                             Libraries\STM32F4xx_StdPeriph_Driver\src\stm32f4xx_adc.o
                                                  src\main.o
ADC_Cmd                                           Libraries\STM32F4xx_StdPeriph_Driver\src\stm32f4xx_adc.o
                                                  src\main.o
ADC_CommonInit                                    Libraries\STM32F4xx_StdPeriph_Driver\src\stm32f4xx_adc.o
                                                  src\main.o
                                                  Libraries\STM32F4xx_StdPeriph_Driver\src\tm_stm32f4_adc.o
ADC_CommonStructInit                              Libraries\STM32F4xx_StdPeriph_Driver\src\stm32f4xx_adc.o
ADC_ContinuousModeCmd                             Libraries\STM32F4xx_StdPeriph_Driver\src\stm32f4xx_adc.o
ADC_DMACmd                                        Libraries\STM32F4xx_StdPeriph_Driver\src\stm32f4xx_adc.o
ADC_DMARequestAfterLastTransferCmd                Libraries\STM32F4xx_StdPeriph_Driver\src\stm32f4xx_adc.o
ADC_DeInit                                        Libraries\STM32F4xx_StdPeriph_Driver\src\stm32f4xx_adc.o
ADC_DiscModeChannelCountConfig                    Libraries\STM32F4xx_StdPeriph_Driver\src\stm32f4xx_adc.o
ADC_DiscModeCmd                                   Libraries\STM32F4xx_StdPeriph_Driver\src\stm32f4xx_adc.o
ADC_EOCOnEachRegularChannelCmd                    Libraries\STM32F4xx_StdPeriph_Driver\src\stm32f4xx_adc.o
ADC_ExternalTrigInjectedConvConfig                Libraries\STM32F4xx_StdPeriph_Driver\src\stm32f4xx_adc.o
ADC_ExternalTrigInjectedConvEdgeConfig            Libraries\STM32F4xx_StdPeriph_Driver\src\stm32f4xx_adc.o
ADC_GetConversionValue                            Libraries\STM32F4xx_StdPeriph_Driver\src\stm32f4xx_adc.o
                                                  src\main.o
ADC_GetFlagStatus                                 Libraries\STM32F4xx_StdPeriph_Driver\src\stm32f4xx_adc.o
ADC_GetITStatus                                   Libraries\STM32F4xx_StdPeriph_Driver\src\stm32f4xx_adc.o
ADC_GetInjectedConversionValue                    Libraries\STM32F4xx_StdPeriph_Driver\src\stm32f4xx_adc.o
ADC_GetMultiModeConversionValue                   Libraries\STM32F4xx_StdPeriph_Driver\src\stm32f4xx_adc.o
ADC_GetSoftwareStartConvStatus                    Libraries\STM32F4xx_StdPeriph_Driver\src\stm32f4xx_adc.o
ADC_GetSoftwareStartInjectedConvCmdStatus         Libraries\STM32F4xx_StdPeriph_Driver\src\stm32f4xx_adc.o
ADC_IRQHandler                                    src\main.o
ADC_ITConfig                                      Libraries\STM32F4xx_StdPeriph_Driver\src\stm32f4xx_adc.o
                                                  src\main.o
ADC_Init                                          Libraries\STM32F4xx_StdPeriph_Driver\src\stm32f4xx_adc.o
                                                  src\main.o
                                                  Libraries\STM32F4xx_StdPeriph_Driver\src\tm_stm32f4_adc.o
ADC_InjectedChannelConfig                         Libraries\STM32F4xx_StdPeriph_Driver\src\stm32f4xx_adc.o
ADC_InjectedDiscModeCmd                           Libraries\STM32F4xx_StdPeriph_Driver\src\stm32f4xx_adc.o
ADC_InjectedSequencerLengthConfig                 Libraries\STM32F4xx_StdPeriph_Driver\src\stm32f4xx_adc.o
ADC_MultiModeDMARequestAfterLastTransferCmd       Libraries\STM32F4xx_StdPeriph_Driver\src\stm32f4xx_adc.o
ADC_RegularChannelConfig                          Libraries\STM32F4xx_StdPeriph_Driver\src\stm32f4xx_adc.o
                                                  src\main.o
                                                  Libraries\STM32F4xx_StdPeriph_Driver\src\tm_stm32f4_adc.o
ADC_SetInjectedOffset                             Libraries\STM32F4xx_StdPeriph_Driver\src\stm32f4xx_adc.o
ADC_SoftwareStartConv                             Libraries\STM32F4xx_StdPeriph_Driver\src\stm32f4xx_adc.o
                                                  src\main.o
ADC_SoftwareStartInjectedConv                     Libraries\STM32F4xx_StdPeriph_Driver\src\stm32f4xx_adc.o
ADC_StructInit                                    Libraries\STM32F4xx_StdPeriph_Driver\src\stm32f4xx_adc.o
ADC_TempSensorVrefintCmd                          Libraries\STM32F4xx_StdPeriph_Driver\src\stm32f4xx_adc.o
ADC_VBATCmd                                       Libraries\STM32F4xx_StdPeriph_Driver\src\stm32f4xx_adc.o
ADC_Value                                         src\main.o
AHBPrescTable                                     src\system_stm32f4xx.o
APP_Rx_Buffer                                     Libraries\STM32F4xx_StdPeriph_Driver\src\usbd_cdc_core.o
                                                  Libraries\STM32F4xx_StdPeriph_Driver\src\usbd_cdc_vcp.o
APP_Rx_length                                     Libraries\STM32F4xx_StdPeriph_Driver\src\usbd_cdc_core.o
APP_Rx_ptr_in                                     Libraries\STM32F4xx_StdPeriph_Driver\src\usbd_cdc_core.o
                                                  Libraries\STM32F4xx_StdPeriph_Driver\src\usbd_cdc_vcp.o
APP_Rx_ptr_out                                    Libraries\STM32F4xx_StdPeriph_Driver\src\usbd_cdc_core.o
BUTTON_CLK                                        Utilities\STM32F4-Discovery\stm32f4_discovery.o
BUTTON_EXTI_LINE                                  Utilities\STM32F4-Discovery\stm32f4_discovery.o
BUTTON_IRQn                                       Utilities\STM32F4-Discovery\stm32f4_discovery.o
BUTTON_PIN                                        Utilities\STM32F4-Discovery\stm32f4_discovery.o
BUTTON_PIN_SOURCE                                 Utilities\STM32F4-Discovery\stm32f4_discovery.o
BUTTON_PORT                                       Utilities\STM32F4-Discovery\stm32f4_discovery.o
BUTTON_PORT_SOURCE                                Utilities\STM32F4-Discovery\stm32f4_discovery.o
BusFault_Handler                                  src\stm32f4xx_it.o
                                                  src\startup_stm32f40xx.o
CAN1_RX0_IRQHandler                               src\startup_stm32f40xx.o
CAN1_RX1_IRQHandler                               src\startup_stm32f40xx.o
CAN1_SCE_IRQHandler                               src\startup_stm32f40xx.o
CAN1_TX_IRQHandler                                src\startup_stm32f40xx.o
CAN2_RX0_IRQHandler                               src\startup_stm32f40xx.o
CAN2_RX1_IRQHandler                               src\startup_stm32f40xx.o
CAN2_SCE_IRQHandler                               src\startup_stm32f40xx.o
CAN2_TX_IRQHandler                                src\startup_stm32f40xx.o
CAN_CancelTransmit                                Libraries\STM32F4xx_StdPeriph_Driver\src\stm32f4xx_can.o
CAN_ClearFlag                                     Libraries\STM32F4xx_StdPeriph_Driver\src\stm32f4xx_can.o
CAN_ClearITPendingBit                             Libraries\STM32F4xx_StdPeriph_Driver\src\stm32f4xx_can.o
CAN_DBGFreeze                                     Libraries\STM32F4xx_StdPeriph_Driver\src\stm32f4xx_can.o
CAN_DeInit                                        Libraries\STM32F4xx_StdPeriph_Driver\src\stm32f4xx_can.o
CAN_FIFORelease                                   Libraries\STM32F4xx_StdPeriph_Driver\src\stm32f4xx_can.o
CAN_FilterInit                                    Libraries\STM32F4xx_StdPeriph_Driver\src\stm32f4xx_can.o
CAN_GetFlagStatus                                 Libraries\STM32F4xx_StdPeriph_Driver\src\stm32f4xx_can.o
CAN_GetITStatus                                   Libraries\STM32F4xx_StdPeriph_Driver\src\stm32f4xx_can.o
CAN_GetLSBTransmitErrorCounter                    Libraries\STM32F4xx_StdPeriph_Driver\src\stm32f4xx_can.o
CAN_GetLastErrorCode                              Libraries\STM32F4xx_StdPeriph_Driver\src\stm32f4xx_can.o
CAN_GetReceiveErrorCounter                        Libraries\STM32F4xx_StdPeriph_Driver\src\stm32f4xx_can.o
CAN_ITConfig                                      Libraries\STM32F4xx_StdPeriph_Driver\src\stm32f4xx_can.o